Component: ARM Compiler 5.06 update 7 (build 960) Tool: armlink [4d3601]

==============================================================================

Section Cross References

    startup_stm32f407xx.o(STACK) refers (Special) to heapauxi.o(.text) for __use_two_region_memory
    startup_stm32f407xx.o(HEAP) refers (Special) to heapauxi.o(.text) for __use_two_region_memory
    startup_stm32f407xx.o(RESET) refers (Special) to heapauxi.o(.text) for __use_two_region_memory
    startup_stm32f407xx.o(RESET) refers to startup_stm32f407xx.o(STACK) for __initial_sp
    startup_stm32f407xx.o(RESET) refers to startup_stm32f407xx.o(.text) for Reset_Handler
    startup_stm32f407xx.o(RESET) refers to stm32f4xx_it.o(i.NMI_Handler) for NMI_Handler
    startup_stm32f407xx.o(RESET) refers to stm32f4xx_it.o(i.HardFault_Handler) for HardFault_Handler
    startup_stm32f407xx.o(RESET) refers to stm32f4xx_it.o(i.MemManage_Handler) for MemManage_Handler
    startup_stm32f407xx.o(RESET) refers to stm32f4xx_it.o(i.BusFault_Handler) for BusFault_Handler
    startup_stm32f407xx.o(RESET) refers to stm32f4xx_it.o(i.UsageFault_Handler) for UsageFault_Handler
    startup_stm32f407xx.o(RESET) refers to port.o(.emb_text) for SVC_Handler
    startup_stm32f407xx.o(RESET) refers to stm32f4xx_it.o(i.DebugMon_Handler) for DebugMon_Handler
    startup_stm32f407xx.o(RESET) refers to stm32f4xx_it.o(i.SysTick_Handler) for SysTick_Handler
    startup_stm32f407xx.o(RESET) refers to stm32f4xx_it.o(i.EXTI0_IRQHandler) for EXTI0_IRQHandler
    startup_stm32f407xx.o(RESET) refers to stm32f4xx_it.o(i.EXTI3_IRQHandler) for EXTI3_IRQHandler
    startup_stm32f407xx.o(RESET) refers to stm32f4xx_it.o(i.EXTI4_IRQHandler) for EXTI4_IRQHandler
    startup_stm32f407xx.o(RESET) refers to stm32f4xx_it.o(i.CAN1_RX0_IRQHandler) for CAN1_RX0_IRQHandler
    startup_stm32f407xx.o(RESET) refers to stm32f4xx_it.o(i.EXTI9_5_IRQHandler) for EXTI9_5_IRQHandler
    startup_stm32f407xx.o(RESET) refers to remote_control.o(i.USART3_IRQHandler) for USART3_IRQHandler
    startup_stm32f407xx.o(RESET) refers to stm32f4xx_it.o(i.DMA2_Stream1_IRQHandler) for DMA2_Stream1_IRQHandler
    startup_stm32f407xx.o(RESET) refers to stm32f4xx_it.o(i.CAN2_RX0_IRQHandler) for CAN2_RX0_IRQHandler
    startup_stm32f407xx.o(RESET) refers to stm32f4xx_it.o(i.OTG_FS_IRQHandler) for OTG_FS_IRQHandler
    startup_stm32f407xx.o(RESET) refers to stm32f4xx_it.o(i.DMA2_Stream5_IRQHandler) for DMA2_Stream5_IRQHandler
    startup_stm32f407xx.o(RESET) refers to stm32f4xx_it.o(i.DMA2_Stream6_IRQHandler) for DMA2_Stream6_IRQHandler
    startup_stm32f407xx.o(RESET) refers to stm32f4xx_it.o(i.DMA2_Stream7_IRQHandler) for DMA2_Stream7_IRQHandler
    startup_stm32f407xx.o(.text) refers (Special) to heapauxi.o(.text) for __use_two_region_memory
    startup_stm32f407xx.o(.text) refers to system_stm32f4xx.o(i.SystemInit) for SystemInit
    startup_stm32f407xx.o(.text) refers to __main.o(!!!main) for __main
    startup_stm32f407xx.o(.text) refers to startup_stm32f407xx.o(HEAP) for Heap_Mem
    startup_stm32f407xx.o(.text) refers to startup_stm32f407xx.o(STACK) for Stack_Mem
    main.o(i.SystemClock_Config) refers to rt_memclr_w.o(.text) for __aeabi_memclr4
    main.o(i.SystemClock_Config) refers to stm32f4xx_hal_rcc.o(i.HAL_RCC_OscConfig) for HAL_RCC_OscConfig
    main.o(i.SystemClock_Config) refers to stm32f4xx_hal_rcc.o(i.HAL_RCC_ClockConfig) for HAL_RCC_ClockConfig
    main.o(i.SystemClock_Config) refers to stm32f4xx_hal_rcc_ex.o(i.HAL_RCCEx_PeriphCLKConfig) for HAL_RCCEx_PeriphCLKConfig
    main.o(i.main) refers to stm32f4xx_hal.o(i.HAL_Init) for HAL_Init
    main.o(i.main) refers to main.o(i.SystemClock_Config) for SystemClock_Config
    main.o(i.main) refers to gpio.o(i.MX_GPIO_Init) for MX_GPIO_Init
    main.o(i.main) refers to dma.o(i.MX_DMA_Init) for MX_DMA_Init
    main.o(i.main) refers to adc.o(i.MX_ADC1_Init) for MX_ADC1_Init
    main.o(i.main) refers to adc.o(i.MX_ADC3_Init) for MX_ADC3_Init
    main.o(i.main) refers to can.o(i.MX_CAN1_Init) for MX_CAN1_Init
    main.o(i.main) refers to can.o(i.MX_CAN2_Init) for MX_CAN2_Init
    main.o(i.main) refers to spi.o(i.MX_SPI1_Init) for MX_SPI1_Init
    main.o(i.main) refers to tim.o(i.MX_TIM4_Init) for MX_TIM4_Init
    main.o(i.main) refers to tim.o(i.MX_TIM5_Init) for MX_TIM5_Init
    main.o(i.main) refers to usart.o(i.MX_USART3_UART_Init) for MX_USART3_UART_Init
    main.o(i.main) refers to tim.o(i.MX_TIM8_Init) for MX_TIM8_Init
    main.o(i.main) refers to crc.o(i.MX_CRC_Init) for MX_CRC_Init
    main.o(i.main) refers to rng.o(i.MX_RNG_Init) for MX_RNG_Init
    main.o(i.main) refers to rtc.o(i.MX_RTC_Init) for MX_RTC_Init
    main.o(i.main) refers to tim.o(i.MX_TIM1_Init) for MX_TIM1_Init
    main.o(i.main) refers to tim.o(i.MX_TIM3_Init) for MX_TIM3_Init
    main.o(i.main) refers to tim.o(i.MX_TIM10_Init) for MX_TIM10_Init
    main.o(i.main) refers to usart.o(i.MX_USART1_UART_Init) for MX_USART1_UART_Init
[...]
    HAL_PCD_Init                             0x0800227d   Thumb Code   226  stm32f4xx_hal_pcd.o(i.HAL_PCD_Init)
    HAL_PCD_MspInit                          0x08002361   Thumb Code   122  usbd_conf.o(i.HAL_PCD_MspInit)
    HAL_PCD_ResetCallback                    0x080023e5   Thumb Code    44  usbd_conf.o(i.HAL_PCD_ResetCallback)
    HAL_PCD_ResumeCallback                   0x08002411   Thumb Code     8  usbd_conf.o(i.HAL_PCD_ResumeCallback)
    HAL_PCD_SOFCallback                      0x08002419   Thumb Code     8  usbd_conf.o(i.HAL_PCD_SOFCallback)
    HAL_PCD_SetAddress                       0x08002421   Thumb Code    40  stm32f4xx_hal_pcd.o(i.HAL_PCD_SetAddress)
    HAL_PCD_SetupStageCallback               0x08002449   Thumb Code    14  usbd_conf.o(i.HAL_PCD_SetupStageCallback)
    HAL_PCD_Start                            0x08002457   Thumb Code    66  stm32f4xx_hal_pcd.o(i.HAL_PCD_Start)
    HAL_PCD_SuspendCallback                  0x08002499   Thumb Code    44  usbd_conf.o(i.HAL_PCD_SuspendCallback)
    HAL_RCCEx_PeriphCLKConfig                0x080024c9   Thumb Code   296  stm32f4xx_hal_rcc_ex.o(i.HAL_RCCEx_PeriphCLKConfig)
    HAL_RCC_ClockConfig                      0x08002605   Thumb Code   286  stm32f4xx_hal_rcc.o(i.HAL_RCC_ClockConfig)
    HAL_RCC_GetHCLKFreq                      0x08002735   Thumb Code     6  stm32f4xx_hal_rcc.o(i.HAL_RCC_GetHCLKFreq)
    HAL_RCC_GetPCLK1Freq                     0x08002741   Thumb Code    20  stm32f4xx_hal_rcc.o(i.HAL_RCC_GetPCLK1Freq)
    HAL_RCC_GetPCLK2Freq                     0x08002761   Thumb Code    20  stm32f4xx_hal_rcc.o(i.HAL_RCC_GetPCLK2Freq)
    HAL_RCC_GetSysClockFreq                  0x08002781   Thumb Code    88  stm32f4xx_hal_rcc.o(i.HAL_RCC_GetSysClockFreq)
    HAL_RCC_OscConfig                        0x080027e5   Thumb Code   770  stm32f4xx_hal_rcc.o(i.HAL_RCC_OscConfig)
    HAL_RNG_Init                             0x08002b01   Thumb Code    50  stm32f4xx_hal_rng.o(i.HAL_RNG_Init)
    HAL_RNG_MspInit                          0x08002b35   Thumb Code    30  rng.o(i.HAL_RNG_MspInit)
    HAL_RTC_Init                             0x08002b5d   Thumb Code   166  stm32f4xx_hal_rtc.o(i.HAL_RTC_Init)
    HAL_RTC_MspInit                          0x08002c09   Thumb Code    16  rtc.o(i.HAL_RTC_MspInit)
    HAL_RTC_WaitForSynchro                   0x08002c21   Thumb Code    54  stm32f4xx_hal_rtc.o(i.HAL_RTC_WaitForSynchro)
    HAL_SPI_Init                             0x08002c57   Thumb Code   128  stm32f4xx_hal_spi.o(i.HAL_SPI_Init)
    HAL_SPI_MspInit                          0x08002cd9   Thumb Code   226  spi.o(i.HAL_SPI_MspInit)
    HAL_SYSTICK_Config                       0x08002dd5   Thumb Code    40  stm32f4xx_hal_cortex.o(i.HAL_SYSTICK_Config)
    HAL_TIMEx_ConfigBreakDeadTime            0x08002dfd   Thumb Code    84  stm32f4xx_hal_tim_ex.o(i.HAL_TIMEx_ConfigBreakDeadTime)
    HAL_TIMEx_MasterConfigSynchronization    0x08002e51   Thumb Code    66  stm32f4xx_hal_tim_ex.o(i.HAL_TIMEx_MasterConfigSynchronization)
    HAL_TIM_Base_Init                        0x08002e93   Thumb Code    54  stm32f4xx_hal_tim.o(i.HAL_TIM_Base_Init)
    HAL_TIM_Base_MspInit                     0x08002ec9   Thumb Code   142  tim.o(i.HAL_TIM_Base_MspInit)
    HAL_TIM_Base_Start                       0x08002f75   Thumb Code    36  stm32f4xx_hal_tim.o(i.HAL_TIM_Base_Start)
    HAL_TIM_ConfigClockSource                0x08002f99   Thumb Code   214  stm32f4xx_hal_tim.o(i.HAL_TIM_ConfigClockSource)
    HAL_TIM_MspPostInit                      0x08003071   Thumb Code   304  tim.o(i.HAL_TIM_MspPostInit)
    HAL_TIM_PWM_ConfigChannel                0x080031d5   Thumb Code   208  stm32f4xx_hal_tim.o(i.HAL_TIM_PWM_ConfigChannel)
    HAL_TIM_PWM_Init                         0x080032a5   Thumb Code    54  stm32f4xx_hal_tim.o(i.HAL_TIM_PWM_Init)
    HAL_TIM_PWM_MspInit                      0x080032db   Thumb Code     2  stm32f4xx_hal_tim.o(i.HAL_TIM_PWM_MspInit)
    HAL_TIM_PWM_Start                        0x080032dd   Thumb Code    58  stm32f4xx_hal_tim.o(i.HAL_TIM_PWM_Start)
    HAL_UART_Init                            0x08003321   Thumb Code    98  stm32f4xx_hal_uart.o(i.HAL_UART_Init)
    HAL_UART_MspInit                         0x08003385   Thumb Code   556  usart.o(i.HAL_UART_MspInit)
    HardFault_Handler                        0x080035e1   Thumb Code     2  stm32f4xx_it.o(i.HardFault_Handler)
    MX_ADC1_Init                             0x0800361d   Thumb Code    88  adc.o(i.MX_ADC1_Init)
    MX_ADC3_Init                             0x08003681   Thumb Code    88  adc.o(i.MX_ADC3_Init)
    MX_CAN1_Init                             0x080036e5   Thumb Code    60  can.o(i.MX_CAN1_Init)
    MX_CAN2_Init                             0x08003729   Thumb Code    60  can.o(i.MX_CAN2_Init)
    MX_CRC_Init                              0x0800376d   Thumb Code    28  crc.o(i.MX_CRC_Init)
    MX_DMA_Init                              0x08003791   Thumb Code   152  dma.o(i.MX_DMA_Init)
    MX_FREERTOS_Init                         0x0800382d   Thumb Code    74  freertos.o(i.MX_FREERTOS_Init)
    MX_GPIO_Init                             0x08003881   Thumb Code   532  gpio.o(i.MX_GPIO_Init)
    MX_RNG_Init                              0x08003ab5   Thumb Code    28  rng.o(i.MX_RNG_Init)
    MX_RTC_Init                              0x08003ad9   Thumb Code    46  rtc.o(i.MX_RTC_Init)
    MX_SPI1_Init                             0x08003b11   Thumb Code    64  spi.o(i.MX_SPI1_Init)
    MX_TIM10_Init                            0x08003b59   Thumb Code    92  tim.o(i.MX_TIM10_Init)
    MX_TIM1_Init                             0x08003bbd   Thumb Code   244  tim.o(i.MX_TIM1_Init)
    MX_TIM3_Init                             0x08003cb9   Thumb Code   142  tim.o(i.MX_TIM3_Init)
    MX_TIM4_Init                             0x08003d51   Thumb Code   144  tim.o(i.MX_TIM4_Init)
    MX_TIM5_Init                             0x08003de9   Thumb Code   174  tim.o(i.MX_TIM5_Init)
    MX_TIM8_Init                             0x08003ea1   Thumb Code   212  tim.o(i.MX_TIM8_Init)
    MX_USART1_UART_Init                      0x08003f7d   Thumb Code    48  usart.o(i.MX_USART1_UART_Init)
    MX_USART3_UART_Init                      0x08003fb5   Thumb Code    50  usart.o(i.MX_USART3_UART_Init)
    MX_USART6_UART_Init                      0x08003ff5   Thumb Code    48  usart.o(i.MX_USART6_UART_Init)
    MX_USB_DEVICE_Init                       0x0800402d   Thumb Code    66  usb_device.o(i.MX_USB_DEVICE_Init)
    MemManage_Handler                        0x08004081   Thumb Code     2  stm32f4xx_it.o(i.MemManage_Handler)
    NMI_Handler                              0x08004083   Thumb Code     2  stm32f4xx_it.o(i.NMI_Handler)
    OTG_FS_IRQHandler                        0x08004085   Thumb Code     6  stm32f4xx_it.o(i.OTG_FS_IRQHandler)
    PID_calc                                 0x08004211   Thumb Code   292  pid.o(i.PID_calc)
    PID_init                                 0x08004339   Thumb Code    88  pid.o(i.PID_init)
    RC_Init                                  0x08004395   Thumb Code    84  bsp_rc.o(i.RC_Init)
    RTC_EnterInitMode                        0x080043f5   Thumb Code    58  stm32f4xx_hal_rtc.o(i.RTC_EnterInitMode)
    SysTick_Handler                          0x0800442f   Thumb Code    24  stm32f4xx_it.o(i.SysTick_Handler)
    SystemClock_Config                       0x08004449   Thumb Code   144  main.o(i.SystemClock_Config)
    SystemInit                               0x080044e5   Thumb Code    66  system_stm32f4xx.o(i.SystemInit)
    TIM_Base_SetConfig                       0x08004539   Thumb Code   156  stm32f4xx_hal_tim.o(i.TIM_Base_SetConfig)
    TIM_CCxChannelCmd                        0x08004601   Thumb Code    26  stm32f4xx_hal_tim.o(i.TIM_CCxChannelCmd)
    TIM_ETR_SetConfig                        0x0800461b   Thumb Code    20  stm32f4xx_hal_tim.o(i.TIM_ETR_SetConfig)
    TIM_OC2_SetConfig                        0x080046a1   Thumb Code    98  stm32f4xx_hal_tim.o(i.TIM_OC2_SetConfig)
    USART3_IRQHandler                        0x08004ab9   Thumb Code   172  remote_control.o(i.USART3_IRQHandler)
    USBD_CDC_GetDeviceQualifierDescriptor    0x08004c5d   Thumb Code     8  usbd_cdc.o(i.USBD_CDC_GetDeviceQualifierDescriptor)
    USBD_CDC_ReceivePacket                   0x08004d21   Thumb Code    40  usbd_cdc.o(i.USBD_CDC_ReceivePacket)
    USBD_CDC_RegisterInterface               0x08004d49   Thumb Code    16  usbd_cdc.o(i.USBD_CDC_RegisterInterface)
    USBD_CDC_SetRxBuffer                     0x08004d59   Thumb Code    12  usbd_cdc.o(i.USBD_CDC_SetRxBuffer)
    USBD_CDC_SetTxBuffer                     0x08004d65   Thumb Code    16  usbd_cdc.o(i.USBD_CDC_SetTxBuffer)
    USBD_ClrClassConfig                      0x08004e21   Thumb Code    14  usbd_core.o(i.USBD_ClrClassConfig)
    USBD_CtlContinueRx                       0x08004e2f   Thumb Code    16  usbd_ioreq.o(i.USBD_CtlContinueRx)
    USBD_CtlContinueSendData                 0x08004e3f   Thumb Code    16  usbd_ioreq.o(i.USBD_CtlContinueSendData)
    USBD_CtlError                            0x08004e4f   Thumb Code    22  usbd_ctlreq.o(i.USBD_CtlError)
    USBD_CtlPrepareRx                        0x08004e65   Thumb Code    30  usbd_ioreq.o(i.USBD_CtlPrepareRx)
    USBD_CtlReceiveStatus                    0x08004e83   Thumb Code    22  usbd_ioreq.o(i.USBD_CtlReceiveStatus)
    USBD_CtlSendData                         0x08004e99   Thumb Code    26  usbd_ioreq.o(i.USBD_CtlSendData)
    USBD_CtlSendStatus                       0x08004eb3   Thumb Code    22  usbd_ioreq.o(i.USBD_CtlSendStatus)
    USBD_FS_ConfigStrDescriptor              0x08004ec9   Thumb Code    16  usbd_desc.o(i.USBD_FS_ConfigStrDescriptor)
    USBD_FS_DeviceDescriptor                 0x08004ee9   Thumb Code     8  usbd_desc.o(i.USBD_FS_DeviceDescriptor)
    USBD_FS_InterfaceStrDescriptor           0x08004ef5   Thumb Code    16  usbd_desc.o(i.USBD_FS_InterfaceStrDescriptor)
    USBD_FS_LangIDStrDescriptor              0x08004f19   Thumb Code     8  usbd_desc.o(i.USBD_FS_LangIDStrDescriptor)
    USBD_FS_ManufacturerStrDescriptor        0x08004f25   Thumb Code    16  usbd_desc.o(i.USBD_FS_ManufacturerStrDescriptor)
    USBD_FS_ProductStrDescriptor             0x08004f4d   Thumb Code    16  usbd_desc.o(i.USBD_FS_ProductStrDescriptor)
    USBD_FS_SerialStrDescriptor              0x08004f79   Thumb Code    48  usbd_desc.o(i.USBD_FS_SerialStrDescriptor)
    USBD_GetString                           0x08005099   Thumb Code    72  usbd_ctlreq.o(i.USBD_GetString)
    USBD_Get_USB_Status                      0x080050e1   Thumb Code    24  usbd_conf.o(i.USBD_Get_USB_Status)
    USBD_Init                                0x080050f9   Thumb Code    42  usbd_core.o(i.USBD_Init)
    USBD_LL_ClearStallEP                     0x08005123   Thumb Code    18  usbd_conf.o(i.USBD_LL_ClearStallEP)
    USBD_LL_CloseEP                          0x08005135   Thumb Code    18  usbd_conf.o(i.USBD_LL_CloseEP)
    USBD_LL_DataInStage                      0x08005147   Thumb Code   198  usbd_core.o(i.USBD_LL_DataInStage)
    USBD_LL_DataOutStage                     0x0800520d   Thumb Code   130  usbd_core.o(i.USBD_LL_DataOutStage)
    USBD_LL_DevConnected                     0x0800528f   Thumb Code     4  usbd_core.o(i.USBD_LL_DevConnected)
    USBD_LL_DevDisconnected                  0x08005293   Thumb Code    22  usbd_core.o(i.USBD_LL_DevDisconnected)
    USBD_LL_GetRxDataSize                    0x080052a9   Thumb Code     8  usbd_conf.o(i.USBD_LL_GetRxDataSize)
    USBD_LL_Init                             0x080052b1   Thumb Code    90  usbd_conf.o(i.USBD_LL_Init)
    USBD_LL_IsStallEP                        0x08005311   Thumb Code    32  usbd_conf.o(i.USBD_LL_IsStallEP)
    USBD_LL_IsoINIncomplete                  0x08005331   Thumb Code     4  usbd_core.o(i.USBD_LL_IsoINIncomplete)
    USBD_LL_IsoOUTIncomplete                 0x08005335   Thumb Code     4  usbd_core.o(i.USBD_LL_IsoOUTIncomplete)
    USBD_LL_OpenEP                           0x08005339   Thumb Code    24  usbd_conf.o(i.USBD_LL_OpenEP)
    USBD_LL_PrepareReceive                   0x08005351   Thumb Code    18  usbd_conf.o(i.USBD_LL_PrepareReceive)
    USBD_LL_Reset                            0x08005363   Thumb Code    80  usbd_core.o(i.USBD_LL_Reset)
    USBD_LL_Resume                           0x080053b3   Thumb Code    12  usbd_core.o(i.USBD_LL_Resume)
    USBD_LL_SOF                              0x080053bf   Thumb Code    24  usbd_core.o(i.USBD_LL_SOF)
    USBD_LL_SetSpeed                         0x080053d7   Thumb Code     6  usbd_core.o(i.USBD_LL_SetSpeed)
    USBD_LL_SetUSBAddress                    0x080053dd   Thumb Code    18  usbd_conf.o(i.USBD_LL_SetUSBAddress)
    USBD_LL_SetupStage                       0x080053ef   Thumb Code    90  usbd_core.o(i.USBD_LL_SetupStage)
    USBD_LL_StallEP                          0x08005449   Thumb Code    18  usbd_conf.o(i.USBD_LL_StallEP)
    USBD_LL_Start                            0x0800545b   Thumb Code    18  usbd_conf.o(i.USBD_LL_Start)
    USBD_LL_Suspend                          0x0800546d   Thumb Code    18  usbd_core.o(i.USBD_LL_Suspend)
    USBD_LL_Transmit                         0x0800547f   Thumb Code    18  usbd_conf.o(i.USBD_LL_Transmit)
    USBD_ParseSetupRequest                   0x08005491   Thumb Code    40  usbd_ctlreq.o(i.USBD_ParseSetupRequest)
    USBD_RegisterClass                       0x080054b9   Thumb Code    16  usbd_core.o(i.USBD_RegisterClass)
    USBD_SetClassConfig                      0x080054c9   Thumb Code    22  usbd_core.o(i.USBD_SetClassConfig)
    USBD_Start                               0x08005565   Thumb Code    10  usbd_core.o(i.USBD_Start)
    USBD_StdDevReq                           0x0800556f   Thumb Code   274  usbd_ctlreq.o(i.USBD_StdDevReq)
    USBD_StdEPReq                            0x08005681   Thumb Code   336  usbd_ctlreq.o(i.USBD_StdEPReq)
    USBD_StdItfReq                           0x080057d1   Thumb Code    78  usbd_ctlreq.o(i.USBD_StdItfReq)
    USB_ActivateEndpoint                     0x08005821   Thumb Code   122  stm32f4xx_ll_usb.o(i.USB_ActivateEndpoint)
    USB_ActivateSetup                        0x080058a1   Thumb Code    52  stm32f4xx_ll_usb.o(i.USB_ActivateSetup)
    USB_CoreInit                             0x080058d5   Thumb Code   112  stm32f4xx_ll_usb.o(i.USB_CoreInit)
    USB_DeactivateEndpoint                   0x08005981   Thumb Code   118  stm32f4xx_ll_usb.o(i.USB_DeactivateEndpoint)
    USB_DevConnect                           0x08005a01   Thumb Code    24  stm32f4xx_ll_usb.o(i.USB_DevConnect)
    USB_DevDisconnect                        0x08005a19   Thumb Code    24  stm32f4xx_ll_usb.o(i.USB_DevDisconnect)
    USB_DevInit                              0x08005a31   Thumb Code   378  stm32f4xx_ll_usb.o(i.USB_DevInit)
    USB_DisableGlobalInt                     0x08005bbd   Thumb Code    12  stm32f4xx_ll_usb.o(i.USB_DisableGlobalInt)
    USB_EP0StartXfer                         0x08005bc9   Thumb Code   276  stm32f4xx_ll_usb.o(i.USB_EP0StartXfer)
    USB_EP0_OutStart                         0x08005ce1   Thumb Code    84  stm32f4xx_ll_usb.o(i.USB_EP0_OutStart)
    USB_EPClearStall                         0x08005d39   Thumb Code    88  stm32f4xx_ll_usb.o(i.USB_EPClearStall)
    USB_EPSetStall                           0x08005d91   Thumb Code    88  stm32f4xx_ll_usb.o(i.USB_EPSetStall)
    USB_EPStartXfer                          0x08005de9   Thumb Code   482  stm32f4xx_ll_usb.o(i.USB_EPStartXfer)
    USB_EnableGlobalInt                      0x08005fd1   Thumb Code    12  stm32f4xx_ll_usb.o(i.USB_EnableGlobalInt)
    USB_FlushRxFifo                          0x08005fdd   Thumb Code    28  stm32f4xx_ll_usb.o(i.USB_FlushRxFifo)
    USB_FlushTxFifo                          0x08005ffd   Thumb Code    32  stm32f4xx_ll_usb.o(i.USB_FlushTxFifo)
    USB_GetDevSpeed                          0x08006021   Thumb Code    26  stm32f4xx_ll_usb.o(i.USB_GetDevSpeed)
    USB_GetMode                              0x0800603b   Thumb Code     8  stm32f4xx_ll_usb.o(i.USB_GetMode)
    USB_ReadDevAllInEpInterrupt              0x08006043   Thumb Code    14  stm32f4xx_ll_usb.o(i.USB_ReadDevAllInEpInterrupt)
    USB_ReadDevAllOutEpInterrupt             0x08006051   Thumb Code    14  stm32f4xx_ll_usb.o(i.USB_ReadDevAllOutEpInterrupt)
    USB_ReadDevInEPInterrupt                 0x0800605f   Thumb Code    36  stm32f4xx_ll_usb.o(i.USB_ReadDevInEPInterrupt)
    USB_ReadDevOutEPInterrupt                0x08006083   Thumb Code    16  stm32f4xx_ll_usb.o(i.USB_ReadDevOutEPInterrupt)
    USB_ReadInterrupts                       0x08006093   Thumb Code     8  stm32f4xx_ll_usb.o(i.USB_ReadInterrupts)
    USB_ReadPacket                           0x0800609b   Thumb Code    28  stm32f4xx_ll_usb.o(i.USB_ReadPacket)
    USB_SetCurrentMode                       0x080060b7   Thumb Code    46  stm32f4xx_ll_usb.o(i.USB_SetCurrentMode)
    USB_SetDevAddress                        0x080060e5   Thumb Code    34  stm32f4xx_ll_usb.o(i.USB_SetDevAddress)
    USB_SetTurnaroundTime                    0x08006109   Thumb Code   158  stm32f4xx_ll_usb.o(i.USB_SetTurnaroundTime)
    USB_WritePacket                          0x080061f1   Thumb Code    36  stm32f4xx_ll_usb.o(i.USB_WritePacket)
    UsageFault_Handler                       0x08006215   Thumb Code     2  stm32f4xx_it.o(i.UsageFault_Handler)
    can_filter_init                          0x08006239   Thumb Code    80  bsp_can.o(i.can_filter_init)
    chassis_task                             0x08006371   Thumb Code    22  chassis_task.o(i.chassis_task)
    delay_init                               0x0800638d   Thumb Code    26  bsp_delay.o(i.delay_init)
    delay_ms                                 0x080063b5   Thumb Code    48  bsp_delay.o(i.delay_ms)
    delay_us                                 0x080063e9   Thumb Code    48  bsp_delay.o(i.delay_us)
    get_fric_motor_measure_point             0x0800641d   Thumb Code    12  can_receive.o(i.get_fric_motor_measure_point)
    get_remote_control_point                 0x0800642d   Thumb Code     4  remote_control.o(i.get_remote_control_point)
    laser_off                                0x08006435   Thumb Code    10  bsp_laser.o(i.laser_off)
    laser_on                                 0x08006445   Thumb Code    12  bsp_laser.o(i.laser_on)
    loop_fp32_constrain                      0x08006455   Thumb Code    72  user_lib.o(i.loop_fp32_constrain)
    main                                     0x0800649d   Thumb Code   178  main.o(i.main)
    osDelay                                  0x08006565   Thumb Code    14  cmsis_os.o(i.osDelay)
    osKernelStart                            0x08006573   Thumb Code    10  cmsis_os.o(i.osKernelStart)
    osThreadCreate                           0x0800657d   Thumb Code    84  cmsis_os.o(i.osThreadCreate)
    pvPortMalloc                             0x08006d8d   Thumb Code   210  heap_4.o(i.pvPortMalloc)
    pxPortInitialiseStack                    0x08006e65   Thumb Code    40  port.o(i.pxPortInitialiseStack)
    remote_control_init                      0x08006e91   Thumb Code    12  remote_control.o(i.remote_control_init)
    sbus_to_usart1                           0x08006f55   Thumb Code    58  remote_control.o(i.sbus_to_usart1)
    servo_speed_set                          0x08006f99   Thumb Code   102  bsp_servo_pwm.o(i.servo_speed_set)
    shoot_init                               0x08007209   Thumb Code   462  shoot_task.o(i.shoot_init)
    shoot_set_control                        0x0800740d   Thumb Code   708  shoot_task.o(i.shoot_set_control)
    shoot_task                               0x08007af1   Thumb Code    76  shoot_task.o(i.shoot_task)
    test_task                                0x08007b41   Thumb Code    14  freertos.o(i.test_task)
    usart1_tx_dma_enable                     0x08007b51   Thumb Code    88  bsp_usart.o(i.usart1_tx_dma_enable)
    usart1_tx_dma_init                       0x08007bb5   Thumb Code    60  bsp_usart.o(i.usart1_tx_dma_init)
    uxListRemove                             0x08007bfd   Thumb Code    38  list.o(i.uxListRemove)
    vApplicationGetIdleTaskMemory            0x08007c25   Thumb Code    16  freertos.o(i.vApplicationGetIdleTaskMemory)
    vApplicationGetTimerTaskMemory           0x08007c39   Thumb Code    18  freertos.o(i.vApplicationGetTimerTaskMemory)
    vListInitialise                          0x08007c51   Thumb Code    22  list.o(i.vListInitialise)
    vListInitialiseItem                      0x08007c67   Thumb Code     6  list.o(i.vListInitialiseItem)
    vListInsert                              0x08007c6d   Thumb Code    48  list.o(i.vListInsert)
    vListInsertEnd                           0x08007c9d   Thumb Code    24  list.o(i.vListInsertEnd)
    vPortEnterCritical                       0x08007cb5   Thumb Code    54  port.o(i.vPortEnterCritical)
    vPortExitCritical                        0x08007cf5   Thumb Code    34  port.o(i.vPortExitCritical)
    vPortFree                                0x08007d1d   Thumb Code    88  heap_4.o(i.vPortFree)
    vPortSetupTimerInterrupt                 0x08007d79   Thumb Code    32  port.o(i.vPortSetupTimerInterrupt)
    vPortValidateInterruptPriority           0x08007d9d   Thumb Code    74  port.o(i.vPortValidateInterruptPriority)
    vQueueAddToRegistry                      0x08007df1   Thumb Code    34  queue.o(i.vQueueAddToRegistry)
    vQueueWaitForMessageRestricted           0x08007e19   Thumb Code    68  queue.o(i.vQueueWaitForMessageRestricted)
    vTaskDelay                               0x08007e5d   Thumb Code    66  tasks.o(i.vTaskDelay)
    vTaskInternalSetTimeOutState             0x08007ea9   Thumb Code    12  tasks.o(i.vTaskInternalSetTimeOutState)
    vTaskMissedYield                         0x08007eb9   Thumb Code     8  tasks.o(i.vTaskMissedYield)
    vTaskPlaceOnEventList                    0x08007ec5   Thumb Code    44  tasks.o(i.vTaskPlaceOnEventList)
    vTaskPlaceOnEventListRestricted          0x08007ef5   Thumb Code    52  tasks.o(i.vTaskPlaceOnEventListRestricted)
    vTaskStartScheduler                      0x08007f2d   Thumb Code   118  tasks.o(i.vTaskStartScheduler)
    vTaskSuspendAll                          0x08007fb5   Thumb Code    10  tasks.o(i.vTaskSuspendAll)
    vTaskSwitchContext                       0x08007fc5   Thumb Code    82  tasks.o(i.vTaskSwitchContext)
    xPortStartScheduler                      0x08008021   Thumb Code   222  port.o(i.xPortStartScheduler)
    xPortSysTickHandler                      0x08008115   Thumb Code    38  port.o(i.xPortSysTickHandler)
    xQueueGenericCreateStatic                0x08008141   Thumb Code   102  queue.o(i.xQueueGenericCreateStatic)
    xQueueGenericReset                       0x080081a9   Thumb Code   132  queue.o(i.xQueueGenericReset)
    xQueueGenericSend                        0x08008231   Thumb Code   346  queue.o(i.xQueueGenericSend)
    xQueueGenericSendFromISR                 0x08008391   Thumb Code   188  queue.o(i.xQueueGenericSendFromISR)
    xQueueReceive                            0x0800844d   Thumb Code   308  queue.o(i.xQueueReceive)
    xTaskCheckForTimeOut                     0x08008585   Thumb Code   132  tasks.o(i.xTaskCheckForTimeOut)
    xTaskCreate                              0x0800860d   Thumb Code    90  tasks.o(i.xTaskCreate)
    xTaskCreateStatic                        0x08008667   Thumb Code    86  tasks.o(i.xTaskCreateStatic)
    xTaskGetSchedulerState                   0x080086bd   Thumb Code    22  tasks.o(i.xTaskGetSchedulerState)
    xTaskGetTickCount                        0x080086d9   Thumb Code     6  tasks.o(i.xTaskGetTickCount)
    xTaskIncrementTick                       0x080086e5   Thumb Code   192  tasks.o(i.xTaskIncrementTick)
    xTaskPriorityDisinherit                  0x080087ad   Thumb Code   144  tasks.o(i.xTaskPriorityDisinherit)
    xTaskRemoveFromEventList                 0x08008845   Thumb Code   108  tasks.o(i.xTaskRemoveFromEventList)
    xTaskResumeAll                           0x080088b9   Thumb Code   182  tasks.o(i.xTaskResumeAll)
    xTimerCreateTimerTask                    0x0800897d   Thumb Code    78  timers.o(i.xTimerCreateTimerTask)
    xTimerGenericCommand                     0x080089dd   Thumb Code    98  timers.o(i.xTimerGenericCommand)
    _fp_init                                 0x08008a45   Thumb Code    10  fpinit.o(x$fpl$fpinit)
    __fplib_config_fpu_vfp                   0x08008a4d   Thumb Code     0  fpinit.o(x$fpl$fpinit)
    __fplib_config_pureend_doubles           0x08008a4d   Thumb Code     0  fpinit.o(x$fpl$fpinit)
    AHBPrescTable                            0x08008aac   Data          16  system_stm32f4xx.o(.constdata)
    APBPrescTable                            0x08008abc   Data           8  system_stm32f4xx.o(.constdata)
    Region$$Table$$Base                      0x08008b08   Number         0  anon$$obj.o(Region$$Table)
    Region$$Table$$Limit                     0x08008b28   Number         0  anon$$obj.o(Region$$Table)
    chassisTaskHandle                        0x20000000   Data           4  freertos.o(.data)
    shoot_task_handle                        0x20000004   Data           4  freertos.o(.data)
    testHandle                               0x20000008   Data           4  freertos.o(.data)
    hcrc                                     0x20000010   Data           8  crc.o(.data)
    FS_Desc                                  0x20000018   Data          28  usbd_desc.o(.data)
    USBD_LangIDDesc                          0x20000034   Data           4  usbd_desc.o(.data)
    USBD_FS_DeviceDesc                       0x20000038   Data          18  usbd_desc.o(.data)
    USBD_StringSerial                        0x2000004c   Data          26  usbd_desc.o(.data)
    USBD_Interface_fops_FS                   0x20000068   Data          16  usbd_cdc_if.o(.data)
    uwTickFreq                               0x20000078   Data           1  stm32f4xx_hal.o(.data)
    uwTickPrio                               0x2000007c   Data           4  stm32f4xx_hal.o(.data)
    uwTick                                   0x20000080   Data           4  stm32f4xx_hal.o(.data)
    SystemCoreClock                          0x20000084   Data           4  system_stm32f4xx.o(.data)
    pxCurrentTCB                             0x20000088   Data           4  tasks.o(.data)
    USBD_CDC_CfgHSDesc                       0x2000010c   Data          67  usbd_cdc.o(.data)
    USBD_CDC_CfgFSDesc                       0x20000150   Data          67  usbd_cdc.o(.data)
    USBD_CDC_OtherSpeedCfgDesc               0x20000194   Data          67  usbd_cdc.o(.data)
    USBD_CDC                                 0x200001d8   Data          56  usbd_cdc.o(.data)
    chassis_move                             0x20000210   Data           8  chassis_task.o(.data)
    shoot_fric_grade                         0x20000240   Data          16  shoot_task.o(.data)
    shoot_grigger_grade                      0x20000250   Data          24  shoot_task.o(.data)
    hadc1                                    0x20000918   Data          72  adc.o(.bss)
    hadc3                                    0x20000960   Data          72  adc.o(.bss)
    hcan1                                    0x200009a8   Data          40  can.o(.bss)
    hcan2                                    0x200009d0   Data          40  can.o(.bss)
    hrng                                     0x200009f8   Data          16  rng.o(.bss)
    hrtc                                     0x20000a08   Data          32  rtc.o(.bss)
    hspi1                                    0x20000a28   Data          88  spi.o(.bss)
    hdma_spi1_rx                             0x20000a80   Data          96  spi.o(.bss)
    hdma_spi1_tx                             0x20000ae0   Data          96  spi.o(.bss)
    htim1                                    0x20000b40   Data          64  tim.o(.bss)
    htim3                                    0x20000b80   Data          64  tim.o(.bss)
    htim4                                    0x20000bc0   Data          64  tim.o(.bss)
    htim5                                    0x20000c00   Data          64  tim.o(.bss)
    htim8                                    0x20000c40   Data          64  tim.o(.bss)
    htim10                                   0x20000c80   Data          64  tim.o(.bss)
    huart1                                   0x20000cc0   Data          64  usart.o(.bss)
    huart3                                   0x20000d00   Data          64  usart.o(.bss)
    huart6                                   0x20000d40   Data          64  usart.o(.bss)
    hdma_usart1_tx                           0x20000d80   Data          96  usart.o(.bss)
    hdma_usart1_rx                           0x20000de0   Data          96  usart.o(.bss)
    hdma_usart3_rx                           0x20000e40   Data          96  usart.o(.bss)
    hdma_usart6_rx                           0x20000ea0   Data          96  usart.o(.bss)
    hdma_usart6_tx                           0x20000f00   Data          96  usart.o(.bss)
    hUsbDeviceFS                             0x20000f60   Data         668  usb_device.o(.bss)
    hpcd_USB_OTG_FS                          0x200011fc   Data        1032  usbd_conf.o(.bss)
    USBD_StrDesc                             0x20001604   Data         512  usbd_desc.o(.bss)
    UserRxBufferFS                           0x20001804   Data        2048  usbd_cdc_if.o(.bss)
    UserTxBufferFS                           0x20002004   Data        2048  usbd_cdc_if.o(.bss)
    xQueueRegistry                           0x20002804   Data          64  queue.o(.bss)
    rc_ctrl                                  0x20008a58   Data          22  remote_control.o(.bss)
    last_rc_ctrl                             0x20008a6e   Data          22  remote_control.o(.bss)
    shoot_control                            0x20008b4c   Data         884  shoot_task.o(.bss)
    __libspace_start                         0x20008ec0   Data          96  libspace.o(.bss)
    __temporary_stack_top$libspace           0x20008f20   Data           0  libspace.o(.bss)



==============================================================================

Memory Map of the image

  Image Entry point : 0x08000189

  Load Region LR_IROM1 (Base: 0x08000000, Size: 0x00008d98, Max: 0x00100000, ABSOLUTE, COMPRESSED[0x00008c10])

    Execution Region ER_IROM1 (Exec base: 0x08000000, Load base: 0x08000000, Size: 0x00008b28, Max: 0x00100000, ABSOLUTE)

    Exec Addr    Load Addr    Size         Type   Attr      Idx    E Section Name        Object

    0x08000000   0x08000000   0x00000188   Data   RO            3    RESET               startup_stm32f407xx.o
    0x08000188   0x08000188   0x00000008   Code   RO         9481  * !!!main             c_w.l(__main.o)
    0x08000190   0x08000190   0x00000034   Code   RO         9805    !!!scatter          c_w.l(__scatter.o)
    0x080001c4   0x080001c4   0x0000005a   Code   RO         9803    !!dczerorl2         c_w.l(__dczerorl2.o)
    0x0800021e   0x0800021e   0x00000002   PAD
    0x08000220   0x08000220   0x0000001c   Code   RO         9807    !!handler_zi        c_w.l(__scatter_zi.o)
    0x0800023c   0x0800023c   0x00000002   Code   RO         9734    .ARM.Collect$$libinit$$00000000  c_w.l(libinit.o)
    0x0800023e   0x0800023e   0x00000004   Code   RO         9581    .ARM.Collect$$libinit$$00000001  c_w.l(libinit2.o)
    0x08000242   0x08000242   0x00000000   Code   RO         9584    .ARM.Collect$$libinit$$00000004  c_w.l(libinit2.o)
    0x08000242   0x08000242   0x00000008   Code   RO         9585    .ARM.Collect$$libinit$$00000005  c_w.l(libinit2.o)
    0x0800024a   0x0800024a   0x00000000   Code   RO         9587    .ARM.Collect$$libinit$$0000000A  c_w.l(libinit2.o)
    0x0800024a   0x0800024a   0x00000000   Code   RO         9589    .ARM.Collect$$libinit$$0000000C  c_w.l(libinit2.o)
    0x0800024a   0x0800024a   0x00000000   Code   RO         9591    .ARM.Collect$$libinit$$0000000E  c_w.l(libinit2.o)
    0x0800024a   0x0800024a   0x00000000   Code   RO         9594    .ARM.Collect$$libinit$$00000011  c_w.l(libinit2.o)
    0x0800024a   0x0800024a   0x00000000   Code   RO         9596    .ARM.Collect$$libinit$$00000013  c_w.l(libinit2.o)
    0x0800024a   0x0800024a   0x00000000   Code   RO         9598    .ARM.Collect$$libinit$$00000015  c_w.l(libinit2.o)
    0x0800024a   0x0800024a   0x00000000   Code   RO         9600    .ARM.Collect$$libinit$$00000017  c_w.l(libinit2.o)
    0x0800024a   0x0800024a   0x00000000   Code   RO         9602    .ARM.Collect$$libinit$$00000019  c_w.l(libinit2.o)
    0x0800024a   0x0800024a   0x00000000   Code   RO         9604    .ARM.Collect$$libinit$$0000001B  c_w.l(libinit2.o)
    0x0800024a   0x0800024a   0x00000000   Code   RO         9606    .ARM.Collect$$libinit$$0000001D  c_w.l(libinit2.o)
    0x0800024a   0x0800024a   0x00000000   Code   RO         9608    .ARM.Collect$$libinit$$0000001F  c_w.l(libinit2.o)
    0x0800024a   0x0800024a   0x00000000   Code   RO         9610    .ARM.Collect$$libinit$$00000021  c_w.l(libinit2.o)
    0x0800024a   0x0800024a   0x00000000   Code   RO         9612    .ARM.Collect$$libinit$$00000023  c_w.l(libinit2.o)
    0x0800024a   0x0800024a   0x00000000   Code   RO         9614    .ARM.Collect$$libinit$$00000025  c_w.l(libinit2.o)
    0x0800024a   0x0800024a   0x00000000   Code   RO         9618    .ARM.Collect$$libinit$$0000002C  c_w.l(libinit2.o)
    0x0800024a   0x0800024a   0x00000000   Code   RO         9620    .ARM.Collect$$libinit$$0000002E  c_w.l(libinit2.o)
    0x0800024a   0x0800024a   0x00000000   Code   RO         9622    .ARM.Collect$$libinit$$00000030  c_w.l(libinit2.o)
    0x0800024a   0x0800024a   0x00000000   Code   RO         9624    .ARM.Collect$$libinit$$00000032  c_w.l(libinit2.o)
    0x0800024a   0x0800024a   0x00000002   Code   RO         9625    .ARM.Collect$$libinit$$00000033  c_w.l(libinit2.o)
    0x0800024c   0x0800024c   0x00000002   Code   RO         9800    .ARM.Collect$$libshutdown$$00000000  c_w.l(libshutdown.o)
    0x0800024e   0x0800024e   0x00000000   Code   RO         9754    .ARM.Collect$$libshutdown$$00000002  c_w.l(libshutdown2.o)
    0x0800024e   0x0800024e   0x00000000   Code   RO         9756    .ARM.Collect$$libshutdown$$00000004  c_w.l(libshutdown2.o)
    0x0800024e   0x0800024e   0x00000000   Code   RO         9758    .ARM.Collect$$libshutdown$$00000006  c_w.l(libshutdown2.o)
    0x0800024e   0x0800024e   0x00000000   Code   RO         9761    .ARM.Collect$$libshutdown$$00000009  c_w.l(libshutdown2.o)
    0x0800024e   0x0800024e   0x00000000   Code   RO         9764    .ARM.Collect$$libshutdown$$0000000C  c_w.l(libshutdown2.o)
    0x0800024e   0x0800024e   0x00000000   Code   RO         9766    .ARM.Collect$$libshutdown$$0000000E  c_w.l(libshutdown2.o)
    0x0800024e   0x0800024e   0x00000000   Code   RO         9769    .ARM.Collect$$libshutdown$$00000011  c_w.l(libshutdown2.o)
    0x0800024e   0x0800024e   0x00000002   Code   RO         9770    .ARM.Collect$$libshutdown$$00000012  c_w.l(libshutdown2.o)
    0x08000250   0x08000250   0x00000000   Code   RO         9545    .ARM.Collect$$rtentry$$00000000  c_w.l(__rtentry.o)
    0x08000250   0x08000250   0x00000000   Code   RO         9654    .ARM.Collect$$rtentry$$00000002  c_w.l(__rtentry2.o)
    0x08000250   0x08000250   0x00000006   Code   RO         9666    .ARM.Collect$$rtentry$$00000004  c_w.l(__rtentry4.o)
    0x08000256   0x08000256   0x00000000   Code   RO         9656    .ARM.Collect$$rtentry$$00000009  c_w.l(__rtentry2.o)
    0x08000256   0x08000256   0x00000004   Code   RO         9657    .ARM.Collect$$rtentry$$0000000A  c_w.l(__rtentry2.o)
    0x0800025a   0x0800025a   0x00000000   Code   RO         9659    .ARM.Collect$$rtentry$$0000000C  c_w.l(__rtentry2.o)
    0x0800025a   0x0800025a   0x00000008   Code   RO         9660    .ARM.Collect$$rtentry$$0000000D  c_w.l(__rtentry2.o)
    0x08000262   0x08000262   0x00000002   Code   RO         9741    .ARM.Collect$$rtexit$$00000000  c_w.l(rtexit.o)
    0x08000264   0x08000264   0x00000000   Code   RO         9776    .ARM.Collect$$rtexit$$00000002  c_w.l(rtexit2.o)
    0x08000264   0x08000264   0x00000004   Code   RO         9777    .ARM.Collect$$rtexit$$00000003  c_w.l(rtexit2.o)
    0x08000268   0x08000268   0x00000006   Code   RO         9778    .ARM.Collect$$rtexit$$00000004  c_w.l(rtexit2.o)
    0x0800026e   0x0800026e   0x00000002   PAD
    0x08000270   0x08000270   0x000000be   Code   RO         7069    .emb_text           port.o
    0x0800032e   0x0800032e   0x00000002   PAD
    0x08000330   0x08000330   0x00000000   Code   RO         9677    .emb_text           c_w.l(maybetermalloc1.o)
    0x08000330   0x08000330   0x00000040   Code   RO            4    .text               startup_stm32f407xx.o
    0x08000370   0x08000370   0x0000005e   Code   RO         9407    .text               c_w.l(h1_alloc.o)
    0x080003ce   0x080003ce   0x0000004e   Code   RO         9409    .text               c_w.l(h1_free.o)
    0x0800041c   0x0800041c   0x000000ee   Code   RO         9465    .text               c_w.l(lludivv7m.o)
    0x0800050a   0x0800050a   0x0000008a   Code   RO         9469    .text               c_w.l(rt_memcpy_v6.o)
    0x08000594   0x08000594   0x00000064   Code   RO         9471    .text               c_w.l(rt_memcpy_w.o)
    0x080005f8   0x080005f8   0x00000010   Code   RO         9475    .text               c_w.l(aeabi_memset.o)
    0x08000608   0x08000608   0x0000004e   Code   RO         9477    .text               c_w.l(rt_memclr_w.o)
    0x08000656   0x08000656   0x00000006   Code   RO         9479    .text               c_w.l(heapauxi.o)
    0x0800065c   0x0800065c   0x00000008   Code   RO         9553    .text               c_w.l(rt_heap_descriptor_intlibspace.o)
    0x08000664   0x08000664   0x00000004   Code   RO         9555    .text               c_w.l(hguard.o)
    0x08000668   0x08000668   0x0000008a   Code   RO         9557    .text               c_w.l(init_alloc.o)
    0x080006f2   0x080006f2   0x0000000e   Code   RO         9561    .text               c_w.l(h1_init.o)
    0x08000700   0x08000700   0x00000044   Code   RO         9577    .text               c_w.l(rt_memclr.o)
    0x08000744   0x08000744   0x00000008   Code   RO         9650    .text               c_w.l(libspace.o)
    0x0800074c   0x0800074c   0x00000034   Code   RO         9679    .text               c_w.l(h1_extend.o)
    0x08000780   0x08000780   0x0000000e   Code   RO         9683    .text               c_w.l(defsig_rtmem_outer.o)
    0x0800078e   0x0800078e   0x00000002   Code   RO         9704    .text               c_w.l(use_no_semi.o)
    0x08000790   0x08000790   0x00000000   Code   RO         9706    .text               c_w.l(indicate_semi.o)
    0x08000790   0x08000790   0x0000004a   Code   RO         9707    .text               c_w.l(sys_stackheap_outer.o)
    0x080007da   0x080007da   0x00000012   Code   RO         9715    .text               c_w.l(exit.o)
    0x080007ec   0x080007ec   0x0000000a   Code   RO         9717    .text               c_w.l(defsig_exit.o)
    0x080007f6   0x080007f6   0x00000002   PAD
    0x080007f8   0x080007f8   0x00000050   Code   RO         9723    .text               c_w.l(defsig_rtmem_inner.o)
    0x08000848   0x08000848   0x0000000c   Code   RO         9739    .text               c_w.l(sys_exit.o)
    0x08000854   0x08000854   0x00000032   Code   RO         9749    .text               c_w.l(defsig_general.o)
    0x08000886   0x08000886   0x0000000e   Code   RO         9773    .text               c_w.l(sys_wrch.o)
    0x08000894   0x08000894   0x00000128   Code   RO         3043    i.ADC_Init          stm32f4xx_hal_adc.o
    0x080009bc   0x080009bc   0x00000002   Code   RO         1195    i.BusFault_Handler  stm32f4xx_it.o
    0x080009be   0x080009be   0x00000002   PAD
    0x080009c0   0x080009c0   0x0000000c   Code   RO         1196    i.CAN1_RX0_IRQHandler  stm32f4xx_it.o
    0x080009cc   0x080009cc   0x0000000c   Code   RO         1197    i.CAN2_RX0_IRQHandler  stm32f4xx_it.o
    0x080009d8   0x080009d8   0x00000048   Code   RO         7735    i.CAN_cmd_left_shoot  can_receive.o
    0x08000a20   0x08000a20   0x00000048   Code   RO         7736    i.CAN_cmd_right_shoot  can_receive.o
    0x08000a68   0x08000a68   0x00000004   Code   RO         1143    i.CDC_Control_FS    usbd_cdc_if.o
    0x08000a6c   0x08000a6c   0x00000004   Code   RO         1144    i.CDC_DeInit_FS     usbd_cdc_if.o
    0x08000a70   0x08000a70   0x00000024   Code   RO         1145    i.CDC_Init_FS       usbd_cdc_if.o
    0x08000a94   0x08000a94   0x00000018   Code   RO         1146    i.CDC_Receive_FS    usbd_cdc_if.o
    0x08000aac   0x08000aac   0x0000000c   Code   RO         1198    i.DMA2_Stream1_IRQHandler  stm32f4xx_it.o
    0x08000ab8   0x08000ab8   0x0000000c   Code   RO         1199    i.DMA2_Stream5_IRQHandler  stm32f4xx_it.o
    0x08000ac4   0x08000ac4   0x0000000c   Code   RO         1200    i.DMA2_Stream6_IRQHandler  stm32f4xx_it.o
    0x08000ad0   0x08000ad0   0x0000000c   Code   RO         1201    i.DMA2_Stream7_IRQHandler  stm32f4xx_it.o
    0x08000adc   0x08000adc   0x00000028   Code   RO         2370    i.DMA_CalcBaseAndBitshift  stm32f4xx_hal_dma.o
    0x08000b04   0x08000b04   0x00000054   Code   RO         2371    i.DMA_CheckFifoParam  stm32f4xx_hal_dma.o
    0x08000b58   0x08000b58   0x00000002   Code   RO         1202    i.DebugMon_Handler  stm32f4xx_it.o
    0x08000b5a   0x08000b5a   0x00000006   Code   RO         1203    i.EXTI0_IRQHandler  stm32f4xx_it.o
    0x08000b60   0x08000b60   0x00000006   Code   RO         1204    i.EXTI3_IRQHandler  stm32f4xx_it.o
    0x08000b66   0x08000b66   0x00000006   Code   RO         1205    i.EXTI4_IRQHandler  stm32f4xx_it.o
    0x08000b6c   0x08000b6c   0x00000006   Code   RO         1206    i.EXTI9_5_IRQHandler  stm32f4xx_it.o
    0x08000b72   0x08000b72   0x00000002   Code   RO           13    i.Error_Handler     main.o
    0x08000b74   0x08000b74   0x0000014c   Code   RO         3045    i.HAL_ADC_ConfigChannel  stm32f4xx_hal_adc.o
    0x08000cc0   0x08000cc0   0x00000054   Code   RO         3054    i.HAL_ADC_Init      stm32f4xx_hal_adc.o
    0x08000d14   0x08000d14   0x0000007c   Code   RO          394    i.HAL_ADC_MspInit   adc.o
    0x08000d90   0x08000d90   0x00000024   Code   RO         3316    i.HAL_CAN_ActivateNotification  stm32f4xx_hal_can.o
    0x08000db4   0x08000db4   0x000000dc   Code   RO         3317    i.HAL_CAN_AddTxMessage  stm32f4xx_hal_can.o
    0x08000e90   0x08000e90   0x0000010c   Code   RO         3318    i.HAL_CAN_ConfigFilter  stm32f4xx_hal_can.o
    0x08000f9c   0x08000f9c   0x00000002   Code   RO         3321    i.HAL_CAN_ErrorCallback  stm32f4xx_hal_can.o
    0x08000f9e   0x08000f9e   0x000000e8   Code   RO         3324    i.HAL_CAN_GetRxMessage  stm32f4xx_hal_can.o
    0x08001086   0x08001086   0x000001fc   Code   RO         3328    i.HAL_CAN_IRQHandler  stm32f4xx_hal_can.o
    0x08001282   0x08001282   0x0000011a   Code   RO         3329    i.HAL_CAN_Init      stm32f4xx_hal_can.o
    0x0800139c   0x0800139c   0x000000fc   Code   RO          442    i.HAL_CAN_MspInit   can.o
    0x08001498   0x08001498   0x00000002   Code   RO         3336    i.HAL_CAN_RxFifo0FullCallback  stm32f4xx_hal_can.o
    0x0800149a   0x0800149a   0x00000002   PAD
    0x0800149c   0x0800149c   0x0000005c   Code   RO         7737    i.HAL_CAN_RxFifo0MsgPendingCallback  can_receive.o
    0x080014f8   0x080014f8   0x00000002   Code   RO         3338    i.HAL_CAN_RxFifo1FullCallback  stm32f4xx_hal_can.o
    0x080014fa   0x080014fa   0x00000002   Code   RO         3339    i.HAL_CAN_RxFifo1MsgPendingCallback  stm32f4xx_hal_can.o
    0x080014fc   0x080014fc   0x00000002   Code   RO         3340    i.HAL_CAN_SleepCallback  stm32f4xx_hal_can.o
    0x080014fe   0x080014fe   0x00000002   PAD
    0x08001500   0x08001500   0x00000058   Code   RO         3341    i.HAL_CAN_Start     stm32f4xx_hal_can.o
    0x08001558   0x08001558   0x00000002   Code   RO         3343    i.HAL_CAN_TxMailbox0AbortCallback  stm32f4xx_hal_can.o
    0x0800155a   0x0800155a   0x00000002   Code   RO         3344    i.HAL_CAN_TxMailbox0CompleteCallback  stm32f4xx_hal_can.o
    0x0800155c   0x0800155c   0x00000002   Code   RO         3345    i.HAL_CAN_TxMailbox1AbortCallback  stm32f4xx_hal_can.o
    0x0800155e   0x0800155e   0x00000002   Code   RO         3346    i.HAL_CAN_TxMailbox1CompleteCallback  stm32f4xx_hal_can.o
    0x08001560   0x08001560   0x00000002   Code   RO         3347    i.HAL_CAN_TxMailbox2AbortCallback  stm32f4xx_hal_can.o
    0x08001562   0x08001562   0x00000002   Code   RO         3348    i.HAL_CAN_TxMailbox2CompleteCallback  stm32f4xx_hal_can.o
    0x08001564   0x08001564   0x00000002   Code   RO         3350    i.HAL_CAN_WakeUpFromRxMsgCallback  stm32f4xx_hal_can.o
    0x08001566   0x08001566   0x00000026   Code   RO         3553    i.HAL_CRC_Init      stm32f4xx_hal_crc.o
    0x0800158c   0x0800158c   0x00000028   Code   RO          491    i.HAL_CRC_MspInit   crc.o
    0x080015b4   0x080015b4   0x000001a0   Code   RO         2378    i.HAL_DMA_IRQHandler  stm32f4xx_hal_dma.o
    0x08001754   0x08001754   0x000000d4   Code   RO         2379    i.HAL_DMA_Init      stm32f4xx_hal_dma.o
    0x08001828   0x08001828   0x00000024   Code   RO         2792    i.HAL_Delay         stm32f4xx_hal.o
    0x0800184c   0x0800184c   0x00000002   Code   RO         2264    i.HAL_GPIO_EXTI_Callback  stm32f4xx_hal_gpio.o
    0x0800184e   0x0800184e   0x00000002   PAD
    0x08001850   0x08001850   0x00000018   Code   RO         2265    i.HAL_GPIO_EXTI_IRQHandler  stm32f4xx_hal_gpio.o
    0x08001868   0x08001868   0x000001b0   Code   RO         2266    i.HAL_GPIO_Init     stm32f4xx_hal_gpio.o
    0x08001a18   0x08001a18   0x0000000a   Code   RO         2270    i.HAL_GPIO_WritePin  stm32f4xx_hal_gpio.o
    0x08001a22   0x08001a22   0x00000002   PAD
    0x08001a24   0x08001a24   0x0000000c   Code   RO         2798    i.HAL_GetTick       stm32f4xx_hal.o
    0x08001a30   0x08001a30   0x00000010   Code   RO         2804    i.HAL_IncTick       stm32f4xx_hal.o
    0x08001a40   0x08001a40   0x00000034   Code   RO         2805    i.HAL_Init          stm32f4xx_hal.o
    0x08001a74   0x08001a74   0x00000040   Code   RO         2806    i.HAL_InitTick      stm32f4xx_hal.o
    0x08001ab4   0x08001ab4   0x00000038   Code   RO         1325    i.HAL_MspInit       stm32f4xx_hal_msp.o
    0x08001aec   0x08001aec   0x0000001a   Code   RO         2655    i.HAL_NVIC_EnableIRQ  stm32f4xx_hal_cortex.o
    0x08001b06   0x08001b06   0x00000002   PAD
    0x08001b08   0x08001b08   0x00000040   Code   RO         2661    i.HAL_NVIC_SetPriority  stm32f4xx_hal_cortex.o
    0x08001b48   0x08001b48   0x00000024   Code   RO         2662    i.HAL_NVIC_SetPriorityGrouping  stm32f4xx_hal_cortex.o
    0x08001b6c   0x08001b6c   0x00000002   Code   RO         1570    i.HAL_PCDEx_LPM_Callback  stm32f4xx_hal_pcd_ex.o
    0x08001b6e   0x08001b6e   0x00000008   Code   RO         1571    i.HAL_PCDEx_SetRxFiFo  stm32f4xx_hal_pcd_ex.o
    0x08001b76   0x08001b76   0x00000044   Code   RO         1572    i.HAL_PCDEx_SetTxFiFo  stm32f4xx_hal_pcd_ex.o
    0x08001bba   0x08001bba   0x00000008   Code   RO          862    i.HAL_PCD_ConnectCallback  usbd_conf.o
    0x08001bc2   0x08001bc2   0x00000012   Code   RO          863    i.HAL_PCD_DataInStageCallback  usbd_conf.o
    0x08001bd4   0x08001bd4   0x00000014   Code   RO          864    i.HAL_PCD_DataOutStageCallback  usbd_conf.o
    0x08001be8   0x08001be8   0x00000008   Code   RO          865    i.HAL_PCD_DisconnectCallback  usbd_conf.o
    0x08001bf0   0x08001bf0   0x0000004c   Code   RO         1358    i.HAL_PCD_EP_Close  stm32f4xx_hal_pcd.o
    0x08001c3c   0x08001c3c   0x0000005c   Code   RO         1359    i.HAL_PCD_EP_ClrStall  stm32f4xx_hal_pcd.o
    0x08001c98   0x08001c98   0x00000012   Code   RO         1361    i.HAL_PCD_EP_GetRxCount  stm32f4xx_hal_pcd.o
    0x08001caa   0x08001caa   0x00000060   Code   RO         1362    i.HAL_PCD_EP_Open   stm32f4xx_hal_pcd.o
    0x08001d0a   0x08001d0a   0x00000048   Code   RO         1363    i.HAL_PCD_EP_Receive  stm32f4xx_hal_pcd.o
    0x08001d52   0x08001d52   0x00000074   Code   RO         1364    i.HAL_PCD_EP_SetStall  stm32f4xx_hal_pcd.o
    0x08001dc6   0x08001dc6   0x00000040   Code   RO         1365    i.HAL_PCD_EP_Transmit  stm32f4xx_hal_pcd.o
    0x08001e06   0x08001e06   0x00000002   PAD
    0x08001e08   0x08001e08   0x00000464   Code   RO         1367    i.HAL_PCD_IRQHandler  stm32f4xx_hal_pcd.o
    0x0800226c   0x0800226c   0x00000008   Code   RO          866    i.HAL_PCD_ISOINIncompleteCallback  usbd_conf.o
    0x08002274   0x08002274   0x00000008   Code   RO          867    i.HAL_PCD_ISOOUTIncompleteCallback  usbd_conf.o
    0x0800227c   0x0800227c   0x000000e2   Code   RO         1370    i.HAL_PCD_Init      stm32f4xx_hal_pcd.o
    0x0800235e   0x0800235e   0x00000002   PAD
    0x08002360   0x08002360   0x00000084   Code   RO          869    i.HAL_PCD_MspInit   usbd_conf.o
    0x080023e4   0x080023e4   0x0000002c   Code   RO          870    i.HAL_PCD_ResetCallback  usbd_conf.o
    0x08002410   0x08002410   0x00000008   Code   RO          871    i.HAL_PCD_ResumeCallback  usbd_conf.o
    0x08002418   0x08002418   0x00000008   Code   RO          872    i.HAL_PCD_SOFCallback  usbd_conf.o
    0x08002420   0x08002420   0x00000028   Code   RO         1376    i.HAL_PCD_SetAddress  stm32f4xx_hal_pcd.o
    0x08002448   0x08002448   0x0000000e   Code   RO          873    i.HAL_PCD_SetupStageCallback  usbd_conf.o
    0x08002456   0x08002456   0x00000042   Code   RO         1378    i.HAL_PCD_Start     stm32f4xx_hal_pcd.o
    0x08002498   0x08002498   0x00000030   Code   RO          874    i.HAL_PCD_SuspendCallback  usbd_conf.o
    0x080024c8   0x080024c8   0x0000013c   Code   RO         2017    i.HAL_RCCEx_PeriphCLKConfig  stm32f4xx_hal_rcc_ex.o
    0x08002604   0x08002604   0x00000130   Code   RO         1912    i.HAL_RCC_ClockConfig  stm32f4xx_hal_rcc.o
    0x08002734   0x08002734   0x0000000c   Code   RO         1917    i.HAL_RCC_GetHCLKFreq  stm32f4xx_hal_rcc.o
    0x08002740   0x08002740   0x00000020   Code   RO         1919    i.HAL_RCC_GetPCLK1Freq  stm32f4xx_hal_rcc.o
    0x08002760   0x08002760   0x00000020   Code   RO         1920    i.HAL_RCC_GetPCLK2Freq  stm32f4xx_hal_rcc.o
    0x08002780   0x08002780   0x00000064   Code   RO         1921    i.HAL_RCC_GetSysClockFreq  stm32f4xx_hal_rcc.o
    0x080027e4   0x080027e4   0x0000031c   Code   RO         1924    i.HAL_RCC_OscConfig  stm32f4xx_hal_rcc.o
    0x08002b00   0x08002b00   0x00000032   Code   RO         3618    i.HAL_RNG_Init      stm32f4xx_hal_rng.o
    0x08002b32   0x08002b32   0x00000002   PAD
    0x08002b34   0x08002b34   0x00000028   Code   RO          557    i.HAL_RNG_MspInit   rng.o
    0x08002b5c   0x08002b5c   0x000000ac   Code   RO         3719    i.HAL_RTC_Init      stm32f4xx_hal_rtc.o
    0x08002c08   0x08002c08   0x00000018   Code   RO          599    i.HAL_RTC_MspInit   rtc.o
    0x08002c20   0x08002c20   0x00000036   Code   RO         3727    i.HAL_RTC_WaitForSynchro  stm32f4xx_hal_rtc.o
    0x08002c56   0x08002c56   0x00000080   Code   RO         4087    i.HAL_SPI_Init      stm32f4xx_hal_spi.o
    0x08002cd6   0x08002cd6   0x00000002   PAD
    0x08002cd8   0x08002cd8   0x000000fc   Code   RO          641    i.HAL_SPI_MspInit   spi.o
    0x08002dd4   0x08002dd4   0x00000028   Code   RO         2666    i.HAL_SYSTICK_Config  stm32f4xx_hal_cortex.o
    0x08002dfc   0x08002dfc   0x00000054   Code   RO         5078    i.HAL_TIMEx_ConfigBreakDeadTime  stm32f4xx_hal_tim_ex.o
    0x08002e50   0x08002e50   0x00000042   Code   RO         5093    i.HAL_TIMEx_MasterConfigSynchronization  stm32f4xx_hal_tim_ex.o
    0x08002e92   0x08002e92   0x00000036   Code   RO         4400    i.HAL_TIM_Base_Init  stm32f4xx_hal_tim.o
    0x08002ec8   0x08002ec8   0x000000ac   Code   RO          683    i.HAL_TIM_Base_MspInit  tim.o
    0x08002f74   0x08002f74   0x00000024   Code   RO         4403    i.HAL_TIM_Base_Start  stm32f4xx_hal_tim.o
    0x08002f98   0x08002f98   0x000000d6   Code   RO         4409    i.HAL_TIM_ConfigClockSource  stm32f4xx_hal_tim.o
    0x0800306e   0x0800306e   0x00000002   PAD
    0x08003070   0x08003070   0x00000164   Code   RO          684    i.HAL_TIM_MspPostInit  tim.o
    0x080031d4   0x080031d4   0x000000d0   Code   RO         4467    i.HAL_TIM_PWM_ConfigChannel  stm32f4xx_hal_tim.o
    0x080032a4   0x080032a4   0x00000036   Code   RO         4470    i.HAL_TIM_PWM_Init  stm32f4xx_hal_tim.o
    0x080032da   0x080032da   0x00000002   Code   RO         4472    i.HAL_TIM_PWM_MspInit  stm32f4xx_hal_tim.o
    0x080032dc   0x080032dc   0x00000044   Code   RO         4475    i.HAL_TIM_PWM_Start  stm32f4xx_hal_tim.o
    0x08003320   0x08003320   0x00000062   Code   RO         5351    i.HAL_UART_Init     stm32f4xx_hal_uart.o
    0x08003382   0x08003382   0x00000002   PAD
    0x08003384   0x08003384   0x0000025c   Code   RO          761    i.HAL_UART_MspInit  usart.o
    0x080035e0   0x080035e0   0x00000002   Code   RO         1207    i.HardFault_Handler  stm32f4xx_it.o
    0x080035e2   0x080035e2   0x00000002   PAD
    0x080035e4   0x080035e4   0x00000038   Code   RO         1057    i.IntToUnicode      usbd_desc.o
    0x0800361c   0x0800361c   0x00000064   Code   RO          395    i.MX_ADC1_Init      adc.o
    0x08003680   0x08003680   0x00000064   Code   RO          396    i.MX_ADC3_Init      adc.o
    0x080036e4   0x080036e4   0x00000044   Code   RO          443    i.MX_CAN1_Init      can.o
    0x08003728   0x08003728   0x00000044   Code   RO          444    i.MX_CAN2_Init      can.o
    0x0800376c   0x0800376c   0x00000024   Code   RO          492    i.MX_CRC_Init       crc.o
    0x08003790   0x08003790   0x0000009c   Code   RO          532    i.MX_DMA_Init       dma.o
    0x0800382c   0x0800382c   0x00000054   Code   RO          324    i.MX_FREERTOS_Init  freertos.o
    0x08003880   0x08003880   0x00000234   Code   RO          300    i.MX_GPIO_Init      gpio.o
    0x08003ab4   0x08003ab4   0x00000024   Code   RO          558    i.MX_RNG_Init       rng.o
    0x08003ad8   0x08003ad8   0x00000038   Code   RO          600    i.MX_RTC_Init       rtc.o
    0x08003b10   0x08003b10   0x00000048   Code   RO          642    i.MX_SPI1_Init      spi.o
    0x08003b58   0x08003b58   0x00000064   Code   RO          685    i.MX_TIM10_Init     tim.o
    0x08003bbc   0x08003bbc   0x000000fc   Code   RO          686    i.MX_TIM1_Init      tim.o
    0x08003cb8   0x08003cb8   0x00000098   Code   RO          687    i.MX_TIM3_Init      tim.o
    0x08003d50   0x08003d50   0x00000098   Code   RO          688    i.MX_TIM4_Init      tim.o
    0x08003de8   0x08003de8   0x000000b8   Code   RO          689    i.MX_TIM5_Init      tim.o
    0x08003ea0   0x08003ea0   0x000000dc   Code   RO          690    i.MX_TIM8_Init      tim.o
    0x08003f7c   0x08003f7c   0x00000038   Code   RO          762    i.MX_USART1_UART_Init  usart.o
    0x08003fb4   0x08003fb4   0x00000040   Code   RO          763    i.MX_USART3_UART_Init  usart.o
    0x08003ff4   0x08003ff4   0x00000038   Code   RO          764    i.MX_USART6_UART_Init  usart.o
    0x0800402c   0x0800402c   0x00000054   Code   RO          814    i.MX_USB_DEVICE_Init  usb_device.o
    0x08004080   0x08004080   0x00000002   Code   RO         1208    i.MemManage_Handler  stm32f4xx_it.o
    0x08004082   0x08004082   0x00000002   Code   RO         1209    i.NMI_Handler       stm32f4xx_it.o
    0x08004084   0x08004084   0x0000000c   Code   RO         1210    i.OTG_FS_IRQHandler  stm32f4xx_it.o
    0x08004090   0x08004090   0x000000dc   Code   RO         1381    i.PCD_EP_OutXfrComplete_int  stm32f4xx_hal_pcd.o
    0x0800416c   0x0800416c   0x000000a2   Code   RO         1382    i.PCD_WriteEmptyTxFifo  stm32f4xx_hal_pcd.o
    0x0800420e   0x0800420e   0x00000002   PAD
    0x08004210   0x08004210   0x00000128   Code   RO         8874    i.PID_calc          pid.o
    0x08004338   0x08004338   0x0000005c   Code   RO         8876    i.PID_init          pid.o
    0x08004394   0x08004394   0x00000060   Code   RO         8409    i.RC_Init           bsp_rc.o
    0x080043f4   0x080043f4   0x0000003a   Code   RO         3730    i.RTC_EnterInitMode  stm32f4xx_hal_rtc.o
    0x0800442e   0x0800442e   0x00000018   Code   RO         1211    i.SysTick_Handler   stm32f4xx_it.o
    0x08004446   0x08004446   0x00000002   PAD
    0x08004448   0x08004448   0x0000009c   Code   RO           14    i.SystemClock_Config  main.o
    0x080044e4   0x080044e4   0x00000054   Code   RO         5653    i.SystemInit        system_stm32f4xx.o
    0x08004538   0x08004538   0x000000c8   Code   RO         4488    i.TIM_Base_SetConfig  stm32f4xx_hal_tim.o
    0x08004600   0x08004600   0x0000001a   Code   RO         4489    i.TIM_CCxChannelCmd  stm32f4xx_hal_tim.o
    0x0800461a   0x0800461a   0x00000014   Code   RO         4499    i.TIM_ETR_SetConfig  stm32f4xx_hal_tim.o
    0x0800462e   0x0800462e   0x00000010   Code   RO         4500    i.TIM_ITRx_SetConfig  stm32f4xx_hal_tim.o
    0x0800463e   0x0800463e   0x00000002   PAD
    0x08004640   0x08004640   0x00000060   Code   RO         4501    i.TIM_OC1_SetConfig  stm32f4xx_hal_tim.o
    0x080046a0   0x080046a0   0x0000006c   Code   RO         4502    i.TIM_OC2_SetConfig  stm32f4xx_hal_tim.o
    0x0800470c   0x0800470c   0x00000068   Code   RO         4503    i.TIM_OC3_SetConfig  stm32f4xx_hal_tim.o
    0x08004774   0x08004774   0x00000050   Code   RO         4504    i.TIM_OC4_SetConfig  stm32f4xx_hal_tim.o
    0x080047c4   0x080047c4   0x00000022   Code   RO         4506    i.TIM_TI1_ConfigInputStage  stm32f4xx_hal_tim.o
    0x080047e6   0x080047e6   0x00000024   Code   RO         4508    i.TIM_TI2_ConfigInputStage  stm32f4xx_hal_tim.o
    0x0800480a   0x0800480a   0x00000002   PAD
    0x0800480c   0x0800480c   0x000002ac   Code   RO         5377    i.UART_SetConfig    stm32f4xx_hal_uart.o
    0x08004ab8   0x08004ab8   0x000000c4   Code   RO         7652    i.USART3_IRQHandler  remote_control.o
    0x08004b7c   0x08004b7c   0x0000004a   Code   RO         7412    i.USBD_CDC_DataIn   usbd_cdc.o
    0x08004bc6   0x08004bc6   0x0000002e   Code   RO         7413    i.USBD_CDC_DataOut  usbd_cdc.o
    0x08004bf4   0x08004bf4   0x00000044   Code   RO         7414    i.USBD_CDC_DeInit   usbd_cdc.o
    0x08004c38   0x08004c38   0x00000024   Code   RO         7415    i.USBD_CDC_EP0_RxReady  usbd_cdc.o
    0x08004c5c   0x08004c5c   0x0000000c   Code   RO         7416    i.USBD_CDC_GetDeviceQualifierDescriptor  usbd_cdc.o
    0x08004c68   0x08004c68   0x0000000c   Code   RO         7417    i.USBD_CDC_GetFSCfgDesc  usbd_cdc.o
    0x08004c74   0x08004c74   0x0000000c   Code   RO         7418    i.USBD_CDC_GetHSCfgDesc  usbd_cdc.o
    0x08004c80   0x08004c80   0x0000000c   Code   RO         7419    i.USBD_CDC_GetOtherSpeedCfgDesc  usbd_cdc.o
    0x08004c8c   0x08004c8c   0x00000094   Code   RO         7420    i.USBD_CDC_Init     usbd_cdc.o
    0x08004d20   0x08004d20   0x00000028   Code   RO         7421    i.USBD_CDC_ReceivePacket  usbd_cdc.o
    0x08004d48   0x08004d48   0x00000010   Code   RO         7422    i.USBD_CDC_RegisterInterface  usbd_cdc.o
    0x08004d58   0x08004d58   0x0000000c   Code   RO         7423    i.USBD_CDC_SetRxBuffer  usbd_cdc.o
    0x08004d64   0x08004d64   0x00000010   Code   RO         7424    i.USBD_CDC_SetTxBuffer  usbd_cdc.o
    0x08004d74   0x08004d74   0x000000ac   Code   RO         7425    i.USBD_CDC_Setup    usbd_cdc.o
    0x08004e20   0x08004e20   0x0000000e   Code   RO         7149    i.USBD_ClrClassConfig  usbd_core.o
    0x08004e2e   0x08004e2e   0x00000010   Code   RO         7352    i.USBD_CtlContinueRx  usbd_ioreq.o
    0x08004e3e   0x08004e3e   0x00000010   Code   RO         7353    i.USBD_CtlContinueSendData  usbd_ioreq.o
    0x08004e4e   0x08004e4e   0x00000016   Code   RO         7287    i.USBD_CtlError     usbd_ctlreq.o
    0x08004e64   0x08004e64   0x0000001e   Code   RO         7354    i.USBD_CtlPrepareRx  usbd_ioreq.o
    0x08004e82   0x08004e82   0x00000016   Code   RO         7355    i.USBD_CtlReceiveStatus  usbd_ioreq.o
    0x08004e98   0x08004e98   0x0000001a   Code   RO         7356    i.USBD_CtlSendData  usbd_ioreq.o
    0x08004eb2   0x08004eb2   0x00000016   Code   RO         7357    i.USBD_CtlSendStatus  usbd_ioreq.o
    0x08004ec8   0x08004ec8   0x00000020   Code   RO         1058    i.USBD_FS_ConfigStrDescriptor  usbd_desc.o
    0x08004ee8   0x08004ee8   0x0000000c   Code   RO         1059    i.USBD_FS_DeviceDescriptor  usbd_desc.o
    0x08004ef4   0x08004ef4   0x00000024   Code   RO         1060    i.USBD_FS_InterfaceStrDescriptor  usbd_desc.o
    0x08004f18   0x08004f18   0x0000000c   Code   RO         1061    i.USBD_FS_LangIDStrDescriptor  usbd_desc.o
    0x08004f24   0x08004f24   0x00000028   Code   RO         1062    i.USBD_FS_ManufacturerStrDescriptor  usbd_desc.o
    0x08004f4c   0x08004f4c   0x0000002c   Code   RO         1063    i.USBD_FS_ProductStrDescriptor  usbd_desc.o
    0x08004f78   0x08004f78   0x00000038   Code   RO         1064    i.USBD_FS_SerialStrDescriptor  usbd_desc.o
    0x08004fb0   0x08004fb0   0x000000e8   Code   RO         7288    i.USBD_GetDescriptor  usbd_ctlreq.o
    0x08005098   0x08005098   0x00000048   Code   RO         7289    i.USBD_GetString    usbd_ctlreq.o
    0x080050e0   0x080050e0   0x00000018   Code   RO          875    i.USBD_Get_USB_Status  usbd_conf.o
    0x080050f8   0x080050f8   0x0000002a   Code   RO         7151    i.USBD_Init         usbd_core.o
    0x08005122   0x08005122   0x00000012   Code   RO          876    i.USBD_LL_ClearStallEP  usbd_conf.o
    0x08005134   0x08005134   0x00000012   Code   RO          877    i.USBD_LL_CloseEP   usbd_conf.o
    0x08005146   0x08005146   0x000000c6   Code   RO         7152    i.USBD_LL_DataInStage  usbd_core.o
    0x0800520c   0x0800520c   0x00000082   Code   RO         7153    i.USBD_LL_DataOutStage  usbd_core.o
    0x0800528e   0x0800528e   0x00000004   Code   RO         7154    i.USBD_LL_DevConnected  usbd_core.o
    0x08005292   0x08005292   0x00000016   Code   RO         7155    i.USBD_LL_DevDisconnected  usbd_core.o
    0x080052a8   0x080052a8   0x00000008   Code   RO          881    i.USBD_LL_GetRxDataSize  usbd_conf.o
    0x080052b0   0x080052b0   0x00000060   Code   RO          882    i.USBD_LL_Init      usbd_conf.o
    0x08005310   0x08005310   0x00000020   Code   RO          883    i.USBD_LL_IsStallEP  usbd_conf.o
    0x08005330   0x08005330   0x00000004   Code   RO         7156    i.USBD_LL_IsoINIncomplete  usbd_core.o
    0x08005334   0x08005334   0x00000004   Code   RO         7157    i.USBD_LL_IsoOUTIncomplete  usbd_core.o
    0x08005338   0x08005338   0x00000018   Code   RO          884    i.USBD_LL_OpenEP    usbd_conf.o
    0x08005350   0x08005350   0x00000012   Code   RO          885    i.USBD_LL_PrepareReceive  usbd_conf.o
    0x08005362   0x08005362   0x00000050   Code   RO         7158    i.USBD_LL_Reset     usbd_core.o
    0x080053b2   0x080053b2   0x0000000c   Code   RO         7159    i.USBD_LL_Resume    usbd_core.o
    0x080053be   0x080053be   0x00000018   Code   RO         7160    i.USBD_LL_SOF       usbd_core.o
    0x080053d6   0x080053d6   0x00000006   Code   RO         7161    i.USBD_LL_SetSpeed  usbd_core.o
    0x080053dc   0x080053dc   0x00000012   Code   RO          886    i.USBD_LL_SetUSBAddress  usbd_conf.o
    0x080053ee   0x080053ee   0x0000005a   Code   RO         7162    i.USBD_LL_SetupStage  usbd_core.o
    0x08005448   0x08005448   0x00000012   Code   RO          887    i.USBD_LL_StallEP   usbd_conf.o
    0x0800545a   0x0800545a   0x00000012   Code   RO          888    i.USBD_LL_Start     usbd_conf.o
    0x0800546c   0x0800546c   0x00000012   Code   RO         7163    i.USBD_LL_Suspend   usbd_core.o
    0x0800547e   0x0800547e   0x00000012   Code   RO          890    i.USBD_LL_Transmit  usbd_conf.o
    0x08005490   0x08005490   0x00000028   Code   RO         7290    i.USBD_ParseSetupRequest  usbd_ctlreq.o
    0x080054b8   0x080054b8   0x00000010   Code   RO         7164    i.USBD_RegisterClass  usbd_core.o
    0x080054c8   0x080054c8   0x00000016   Code   RO         7166    i.USBD_SetClassConfig  usbd_core.o
    0x080054de   0x080054de   0x00000002   PAD
    0x080054e0   0x080054e0   0x00000084   Code   RO         7291    i.USBD_SetConfig    usbd_ctlreq.o
    0x08005564   0x08005564   0x0000000a   Code   RO         7167    i.USBD_Start        usbd_core.o
    0x0800556e   0x0800556e   0x00000112   Code   RO         7292    i.USBD_StdDevReq    usbd_ctlreq.o
    0x08005680   0x08005680   0x00000150   Code   RO         7293    i.USBD_StdEPReq     usbd_ctlreq.o
    0x080057d0   0x080057d0   0x0000004e   Code   RO         7294    i.USBD_StdItfReq    usbd_ctlreq.o
    0x0800581e   0x0800581e   0x00000002   PAD
    0x08005820   0x08005820   0x00000080   Code   RO         1612    i.USB_ActivateEndpoint  stm32f4xx_ll_usb.o
    0x080058a0   0x080058a0   0x00000034   Code   RO         1614    i.USB_ActivateSetup  stm32f4xx_ll_usb.o
    0x080058d4   0x080058d4   0x00000074   Code   RO         1616    i.USB_CoreInit      stm32f4xx_ll_usb.o
    0x08005948   0x08005948   0x00000038   Code   RO         1617    i.USB_CoreReset     stm32f4xx_ll_usb.o
    0x08005980   0x08005980   0x00000080   Code   RO         1620    i.USB_DeactivateEndpoint  stm32f4xx_ll_usb.o
    0x08005a00   0x08005a00   0x00000018   Code   RO         1621    i.USB_DevConnect    stm32f4xx_ll_usb.o
    0x08005a18   0x08005a18   0x00000018   Code   RO         1622    i.USB_DevDisconnect  stm32f4xx_ll_usb.o
    0x08005a30   0x08005a30   0x0000018c   Code   RO         1623    i.USB_DevInit       stm32f4xx_ll_usb.o
    0x08005bbc   0x08005bbc   0x0000000c   Code   RO         1624    i.USB_DisableGlobalInt  stm32f4xx_ll_usb.o
    0x08005bc8   0x08005bc8   0x00000118   Code   RO         1627    i.USB_EP0StartXfer  stm32f4xx_ll_usb.o
    0x08005ce0   0x08005ce0   0x00000058   Code   RO         1628    i.USB_EP0_OutStart  stm32f4xx_ll_usb.o
    0x08005d38   0x08005d38   0x00000058   Code   RO         1629    i.USB_EPClearStall  stm32f4xx_ll_usb.o
    0x08005d90   0x08005d90   0x00000058   Code   RO         1630    i.USB_EPSetStall    stm32f4xx_ll_usb.o
    0x08005de8   0x08005de8   0x000001e8   Code   RO         1631    i.USB_EPStartXfer   stm32f4xx_ll_usb.o
    0x08005fd0   0x08005fd0   0x0000000c   Code   RO         1632    i.USB_EnableGlobalInt  stm32f4xx_ll_usb.o
    0x08005fdc   0x08005fdc   0x00000020   Code   RO         1633    i.USB_FlushRxFifo   stm32f4xx_ll_usb.o
    0x08005ffc   0x08005ffc   0x00000024   Code   RO         1634    i.USB_FlushTxFifo   stm32f4xx_ll_usb.o
    0x08006020   0x08006020   0x0000001a   Code   RO         1636    i.USB_GetDevSpeed   stm32f4xx_ll_usb.o
    0x0800603a   0x0800603a   0x00000008   Code   RO         1638    i.USB_GetMode       stm32f4xx_ll_usb.o
    0x08006042   0x08006042   0x0000000e   Code   RO         1645    i.USB_ReadDevAllInEpInterrupt  stm32f4xx_ll_usb.o
    0x08006050   0x08006050   0x0000000e   Code   RO         1646    i.USB_ReadDevAllOutEpInterrupt  stm32f4xx_ll_usb.o
    0x0800605e   0x0800605e   0x00000024   Code   RO         1647    i.USB_ReadDevInEPInterrupt  stm32f4xx_ll_usb.o
    0x08006082   0x08006082   0x00000010   Code   RO         1648    i.USB_ReadDevOutEPInterrupt  stm32f4xx_ll_usb.o
    0x08006092   0x08006092   0x00000008   Code   RO         1649    i.USB_ReadInterrupts  stm32f4xx_ll_usb.o
    0x0800609a   0x0800609a   0x0000001c   Code   RO         1650    i.USB_ReadPacket    stm32f4xx_ll_usb.o
    0x080060b6   0x080060b6   0x0000002e   Code   RO         1652    i.USB_SetCurrentMode  stm32f4xx_ll_usb.o
    0x080060e4   0x080060e4   0x00000022   Code   RO         1653    i.USB_SetDevAddress  stm32f4xx_ll_usb.o
    0x08006106   0x08006106   0x00000002   PAD
    0x08006108   0x08006108   0x000000e8   Code   RO         1655    i.USB_SetTurnaroundTime  stm32f4xx_ll_usb.o
    0x080061f0   0x080061f0   0x00000024   Code   RO         1658    i.USB_WritePacket   stm32f4xx_ll_usb.o
    0x08006214   0x08006214   0x00000002   Code   RO         1212    i.UsageFault_Handler  stm32f4xx_it.o
    0x08006216   0x08006216   0x00000020   Code   RO         2668    i.__NVIC_SetPriority  stm32f4xx_hal_cortex.o
    0x08006236   0x08006236   0x00000002   PAD
    0x08006238   0x08006238   0x00000058   Code   RO         8112    i.can_filter_init   bsp_can.o
    0x08006290   0x08006290   0x000000e0   Code   RO         7518    i.chassis_set_control  chassis_task.o
    0x08006370   0x08006370   0x0000001c   Code   RO         7519    i.chassis_task      chassis_task.o
    0x0800638c   0x0800638c   0x00000028   Code   RO         8180    i.delay_init        bsp_delay.o
    0x080063b4   0x080063b4   0x00000034   Code   RO         8181    i.delay_ms          bsp_delay.o
    0x080063e8   0x080063e8   0x00000034   Code   RO         8182    i.delay_us          bsp_delay.o
    0x0800641c   0x0800641c   0x00000010   Code   RO         7738    i.get_fric_motor_measure_point  can_receive.o
    0x0800642c   0x0800642c   0x00000008   Code   RO         7654    i.get_remote_control_point  remote_control.o
    0x08006434   0x08006434   0x00000010   Code   RO         8346    i.laser_off         bsp_laser.o
    0x08006444   0x08006444   0x00000010   Code   RO         8347    i.laser_on          bsp_laser.o
    0x08006454   0x08006454   0x00000048   Code   RO         8772    i.loop_fp32_constrain  user_lib.o
    0x0800649c   0x0800649c   0x000000bc   Code   RO           15    i.main              main.o
    0x08006558   0x08006558   0x0000000c   Code   RO         6641    i.makeFreeRtosPriority  cmsis_os.o
    0x08006564   0x08006564   0x0000000e   Code   RO         6643    i.osDelay           cmsis_os.o
    0x08006572   0x08006572   0x0000000a   Code   RO         6646    i.osKernelStart     cmsis_os.o
    0x0800657c   0x0800657c   0x00000054   Code   RO         6680    i.osThreadCreate    cmsis_os.o
    0x080065d0   0x080065d0   0x00000078   Code   RO         6165    i.prvAddCurrentTaskToDelayedList  tasks.o
    0x08006648   0x08006648   0x000000d0   Code   RO         6166    i.prvAddNewTaskToReadyList  tasks.o
    0x08006718   0x08006718   0x00000058   Code   RO         6498    i.prvCheckForValidListAndQueue  timers.o
    0x08006770   0x08006770   0x00000026   Code   RO         5831    i.prvCopyDataFromQueue  queue.o
    0x08006796   0x08006796   0x0000006c   Code   RO         5832    i.prvCopyDataToQueue  queue.o
    0x08006802   0x08006802   0x00000034   Code   RO         6167    i.prvDeleteTCB      tasks.o
    0x08006836   0x08006836   0x00000002   PAD
    0x08006838   0x08006838   0x0000004c   Code   RO         7020    i.prvHeapInit       heap_4.o
    0x08006884   0x08006884   0x00000060   Code   RO         6168    i.prvIdleTask       tasks.o
    0x080068e4   0x080068e4   0x00000016   Code   RO         5834    i.prvInitialiseNewQueue  queue.o
    0x080068fa   0x080068fa   0x000000a0   Code   RO         6169    i.prvInitialiseNewTask  tasks.o
    0x0800699a   0x0800699a   0x00000002   PAD
    0x0800699c   0x0800699c   0x0000004c   Code   RO         7021    i.prvInsertBlockIntoFreeList  heap_4.o
    0x080069e8   0x080069e8   0x00000038   Code   RO         6500    i.prvInsertTimerInActiveList  timers.o
    0x08006a20   0x08006a20   0x0000001c   Code   RO         5835    i.prvIsQueueEmpty   queue.o
    0x08006a3c   0x08006a3c   0x000000cc   Code   RO         6501    i.prvProcessReceivedCommands  timers.o
    0x08006b08   0x08006b08   0x000000b4   Code   RO         6502    i.prvProcessTimerOrBlockTask  timers.o
    0x08006bbc   0x08006bbc   0x00000020   Code   RO         6170    i.prvResetNextTaskUnblockTime  tasks.o
    0x08006bdc   0x08006bdc   0x00000028   Code   RO         6503    i.prvSampleTimeNow  timers.o
    0x08006c04   0x08006c04   0x0000006c   Code   RO         6504    i.prvSwitchTimerLists  timers.o
    0x08006c70   0x08006c70   0x00000028   Code   RO         7070    i.prvTaskExitError  port.o
    0x08006c98   0x08006c98   0x00000024   Code   RO         6505    i.prvTimerTask      timers.o
    0x08006cbc   0x08006cbc   0x0000006a   Code   RO         5836    i.prvUnlockQueue    queue.o
    0x08006d26   0x08006d26   0x00000002   PAD
    0x08006d28   0x08006d28   0x00000064   Code   RO         7843    i.pull_motor_turn_back  shoot_task.o
    0x08006d8c   0x08006d8c   0x000000d8   Code   RO         7022    i.pvPortMalloc      heap_4.o
    0x08006e64   0x08006e64   0x0000002c   Code   RO         7071    i.pxPortInitialiseStack  port.o
    0x08006e90   0x08006e90   0x00000010   Code   RO         7655    i.remote_control_init  remote_control.o
    0x08006ea0   0x08006ea0   0x000000b4   Code   RO         7656    i.sbus_to_rc        remote_control.o
    0x08006f54   0x08006f54   0x00000044   Code   RO         7657    i.sbus_to_usart1    remote_control.o
    0x08006f98   0x08006f98   0x00000070   Code   RO         8483    i.servo_speed_set   bsp_servo_pwm.o
    0x08007008   0x08007008   0x00000200   Code   RO         7844    i.shoot_feedback_update  shoot_task.o
    0x08007208   0x08007208   0x00000204   Code   RO         7845    i.shoot_init        shoot_task.o
    0x0800740c   0x0800740c   0x000002d8   Code   RO         7846    i.shoot_set_control  shoot_task.o
    0x080076e4   0x080076e4   0x00000068   Code   RO         7847    i.shoot_set_mode    shoot_task.o
    0x0800774c   0x0800774c   0x000003a4   Code   RO         7848    i.shoot_stepping_control  shoot_task.o
    0x08007af0   0x08007af0   0x00000050   Code   RO         7849    i.shoot_task        shoot_task.o
    0x08007b40   0x08007b40   0x0000000e   Code   RO          325    i.test_task         freertos.o
    0x08007b4e   0x08007b4e   0x00000002   PAD
    0x08007b50   0x08007b50   0x00000064   Code   RO         8545    i.usart1_tx_dma_enable  bsp_usart.o
    0x08007bb4   0x08007bb4   0x00000048   Code   RO         8546    i.usart1_tx_dma_init  bsp_usart.o
    0x08007bfc   0x08007bfc   0x00000026   Code   RO         5791    i.uxListRemove      list.o
    0x08007c22   0x08007c22   0x00000002   PAD
    0x08007c24   0x08007c24   0x00000014   Code   RO          326    i.vApplicationGetIdleTaskMemory  freertos.o
    0x08007c38   0x08007c38   0x00000018   Code   RO          327    i.vApplicationGetTimerTaskMemory  freertos.o
    0x08007c50   0x08007c50   0x00000016   Code   RO         5792    i.vListInitialise   list.o
    0x08007c66   0x08007c66   0x00000006   Code   RO         5793    i.vListInitialiseItem  list.o
    0x08007c6c   0x08007c6c   0x00000030   Code   RO         5794    i.vListInsert       list.o
    0x08007c9c   0x08007c9c   0x00000018   Code   RO         5795    i.vListInsertEnd    list.o
    0x08007cb4   0x08007cb4   0x00000040   Code   RO         7073    i.vPortEnterCritical  port.o
    0x08007cf4   0x08007cf4   0x00000028   Code   RO         7074    i.vPortExitCritical  port.o
    0x08007d1c   0x08007d1c   0x0000005c   Code   RO         7023    i.vPortFree         heap_4.o
    0x08007d78   0x08007d78   0x00000024   Code   RO         7075    i.vPortSetupTimerInterrupt  port.o
    0x08007d9c   0x08007d9c   0x00000054   Code   RO         7076    i.vPortValidateInterruptPriority  port.o
    0x08007df0   0x08007df0   0x00000028   Code   RO         5840    i.vQueueAddToRegistry  queue.o
    0x08007e18   0x08007e18   0x00000044   Code   RO         5843    i.vQueueWaitForMessageRestricted  queue.o
    0x08007e5c   0x08007e5c   0x0000004c   Code   RO         6180    i.vTaskDelay        tasks.o
    0x08007ea8   0x08007ea8   0x00000010   Code   RO         6184    i.vTaskInternalSetTimeOutState  tasks.o
    0x08007eb8   0x08007eb8   0x0000000c   Code   RO         6185    i.vTaskMissedYield  tasks.o
    0x08007ec4   0x08007ec4   0x00000030   Code   RO         6187    i.vTaskPlaceOnEventList  tasks.o
    0x08007ef4   0x08007ef4   0x00000038   Code   RO         6188    i.vTaskPlaceOnEventListRestricted  tasks.o
    0x08007f2c   0x08007f2c   0x00000088   Code   RO         6195    i.vTaskStartScheduler  tasks.o
    0x08007fb4   0x08007fb4   0x00000010   Code   RO         6197    i.vTaskSuspendAll   tasks.o
    0x08007fc4   0x08007fc4   0x0000005c   Code   RO         6198    i.vTaskSwitchContext  tasks.o
    0x08008020   0x08008020   0x000000f4   Code   RO         7077    i.xPortStartScheduler  port.o
    0x08008114   0x08008114   0x0000002c   Code   RO         7078    i.xPortSysTickHandler  port.o
    0x08008140   0x08008140   0x00000066   Code   RO         5847    i.xQueueGenericCreateStatic  queue.o
    0x080081a6   0x080081a6   0x00000002   PAD
    0x080081a8   0x080081a8   0x00000088   Code   RO         5848    i.xQueueGenericReset  queue.o
    0x08008230   0x08008230   0x00000160   Code   RO         5849    i.xQueueGenericSend  queue.o
    0x08008390   0x08008390   0x000000bc   Code   RO         5850    i.xQueueGenericSendFromISR  queue.o
    0x0800844c   0x0800844c   0x00000138   Code   RO         5858    i.xQueueReceive     queue.o
    0x08008584   0x08008584   0x00000088   Code   RO         6200    i.xTaskCheckForTimeOut  tasks.o
    0x0800860c   0x0800860c   0x0000005a   Code   RO         6201    i.xTaskCreate       tasks.o
    0x08008666   0x08008666   0x00000056   Code   RO         6202    i.xTaskCreateStatic  tasks.o
    0x080086bc   0x080086bc   0x0000001c   Code   RO         6207    i.xTaskGetSchedulerState  tasks.o
    0x080086d8   0x080086d8   0x0000000c   Code   RO         6208    i.xTaskGetTickCount  tasks.o
    0x080086e4   0x080086e4   0x000000c8   Code   RO         6210    i.xTaskIncrementTick  tasks.o
    0x080087ac   0x080087ac   0x00000098   Code   RO         6213    i.xTaskPriorityDisinherit  tasks.o
    0x08008844   0x08008844   0x00000074   Code   RO         6215    i.xTaskRemoveFromEventList  tasks.o
    0x080088b8   0x080088b8   0x000000c4   Code   RO         6216    i.xTaskResumeAll    tasks.o
    0x0800897c   0x0800897c   0x00000060   Code   RO         6510    i.xTimerCreateTimerTask  timers.o
    0x080089dc   0x080089dc   0x00000068   Code   RO         6511    i.xTimerGenericCommand  timers.o
    0x08008a44   0x08008a44   0x0000000a   Code   RO         9696    x$fpl$fpinit        g_wm.l(fpinit.o)
    0x08008a4e   0x08008a4e   0x00000002   PAD
    0x08008a50   0x08008a50   0x00000054   Data   RO          329    .constdata          freertos.o
    0x08008aa4   0x08008aa4   0x00000008   Data   RO         2385    .constdata          stm32f4xx_hal_dma.o
    0x08008aac   0x08008aac   0x00000010   Data   RO         5654    .constdata          system_stm32f4xx.o
    0x08008abc   0x08008abc   0x00000008   Data   RO         5655    .constdata          system_stm32f4xx.o
    0x08008ac4   0x08008ac4   0x00000024   Data   RO         7851    .constdata          shoot_task.o
    0x08008ae8   0x08008ae8   0x0000001d   Data   RO          330    .conststring        freertos.o
    0x08008b05   0x08008b05   0x00000003   PAD
    0x08008b08   0x08008b08   0x00000020   Data   RO         9801    Region$$Table       anon$$obj.o


    Execution Region RW_IRAM2 (Exec base: 0x10000000, Load base: 0x08008c10, Size: 0x00000000, Max: 0x00010000, ABSOLUTE)

    **** No section assigned to this execution region ****


    Execution Region RW_IRAM1 (Exec base: 0x20000000, Load base: 0x08008b28, Size: 0x0000cf20, Max: 0x00020000, ABSOLUTE, COMPRESSED[0x000000e8])

    Exec Addr    Load Addr    Size         Type   Attr      Idx    E Section Name        Object

    0x20000000   COMPRESSED   0x0000000c   Data   RW          331    .data               freertos.o
    0x2000000c   COMPRESSED   0x00000004   Data   RW          446    .data               can.o
    0x20000010   COMPRESSED   0x00000008   Data   RW          493    .data               crc.o
    0x20000018   COMPRESSED   0x0000001c   Data   RW         1066    .data               usbd_desc.o
    0x20000034   COMPRESSED   0x00000032   Data   RW         1067    .data               usbd_desc.o
    0x20000066   COMPRESSED   0x00000002   PAD
    0x20000068   COMPRESSED   0x00000010   Data   RW         1149    .data               usbd_cdc_if.o
    0x20000078   COMPRESSED   0x0000000c   Data   RW         2812    .data               stm32f4xx_hal.o
    0x20000084   COMPRESSED   0x00000004   Data   RW         5656    .data               system_stm32f4xx.o
    0x20000088   COMPRESSED   0x0000003c   Data   RW         6219    .data               tasks.o
    0x200000c4   COMPRESSED   0x00000014   Data   RW         6519    .data               timers.o
    0x200000d8   COMPRESSED   0x00000018   Data   RW         7028    .data               heap_4.o
    0x200000f0   COMPRESSED   0x0000000c   Data   RW         7079    .data               port.o
    0x200000fc   COMPRESSED   0x00000001   Data   RW         7295    .data               usbd_ctlreq.o
    0x200000fd   COMPRESSED   0x00000003   PAD
    0x20000100   COMPRESSED   0x000000d7   Data   RW         7427    .data               usbd_cdc.o
    0x200001d7   COMPRESSED   0x00000001   PAD
    0x200001d8   COMPRESSED   0x00000038   Data   RW         7428    .data               usbd_cdc.o
    0x20000210   COMPRESSED   0x00000008   Data   RW         7520    .data               chassis_task.o
    0x20000218   COMPRESSED   0x00000004   Data   RW         7662    .data               remote_control.o
    0x2000021c   COMPRESSED   0x00000011   Data   RW         7744    .data               can_receive.o
    0x2000022d   COMPRESSED   0x00000003   PAD
    0x20000230   COMPRESSED   0x00000038   Data   RW         7853    .data               shoot_task.o
    0x20000268   COMPRESSED   0x00000008   Data   RW         8183    .data               bsp_delay.o
    0x20000270        -       0x000006a8   Zero   RW          328    .bss                freertos.o
    0x20000918        -       0x00000090   Zero   RW          397    .bss                adc.o
    0x200009a8        -       0x00000050   Zero   RW          445    .bss                can.o
    0x200009f8        -       0x00000010   Zero   RW          559    .bss                rng.o
    0x20000a08        -       0x00000020   Zero   RW          601    .bss                rtc.o
    0x20000a28        -       0x00000118   Zero   RW          643    .bss                spi.o
    0x20000b40        -       0x00000180   Zero   RW          691    .bss                tim.o
    0x20000cc0        -       0x000002a0   Zero   RW          765    .bss                usart.o
    0x20000f60        -       0x0000029c   Zero   RW          815    .bss                usb_device.o
    0x200011fc        -       0x00000408   Zero   RW          891    .bss                usbd_conf.o
    0x20001604        -       0x00000200   Zero   RW         1065    .bss                usbd_desc.o
    0x20001804        -       0x00001000   Zero   RW         1148    .bss                usbd_cdc_if.o
    0x20002804        -       0x00000040   Zero   RW         5861    .bss                queue.o
    0x20002844        -       0x000000f0   Zero   RW         6218    .bss                tasks.o
    0x20002934        -       0x00000110   Zero   RW         6518    .bss                timers.o
    0x20002a44        -       0x00006000   Zero   RW         7027    .bss                heap_4.o
    0x20008a44        -       0x00000088   Zero   RW         7660    .bss                remote_control.o
    0x20008acc        -       0x00000080   Zero   RW         7743    .bss                can_receive.o
    0x20008b4c        -       0x00000374   Zero   RW         7850    .bss                shoot_task.o
    0x20008ec0        -       0x00000060   Zero   RW         9651    .bss                c_w.l(libspace.o)
    0x20008f20        -       0x00002000   Zero   RW            2    HEAP                startup_stm32f407xx.o
    0x2000af20        -       0x00002000   Zero   RW            1    STACK               startup_stm32f407xx.o


==============================================================================

Image component sizes


      Code (inc. data)   RO Data    RW Data    ZI Data      Debug   Object Name

       324         40          0          0        144       2162   adc.o
         0          0          0          0          0     592336   bsp_adc.o
        88          8          0          0          0        554   bsp_can.o
       144         22          0          8          0       1871   bsp_delay.o
        32         10          0          0          0        847   bsp_laser.o
        96         12          0          0          0        958   bsp_rc.o
       112         10          0          0          0        690   bsp_servo_pwm.o
       172         24          0          0          0       1588   bsp_usart.o
       388         42          0          4         80       2290   can.o
       252         38          0         17        128       4300   can_receive.o
       252         16          0          8          0     600057   chassis_task.o
       120          0          0          0          0      22001   cmsis_os.o
        76         18          0          8          0       1375   crc.o
       156          4          0          0          0        782   dma.o
         0          0          0          0          0      17704   event_groups.o
       142         20        113         12       1704       3193   freertos.o
       564         32          0          0          0       1227   gpio.o
       460         24          0         24      24576       4603   heap_4.o
       138          0          0          0          0       3374   list.o
       346         22          0          0          0     778640   main.o
       388          8          0          0          0       2378   pid.o
       786         82          0         12          0      11613   port.o
      1500         20          0          0         64      14268   queue.o
       468         42          0          4        136       9316   remote_control.o
        76         18          0          0         16       1375   rng.o
        80         18          0          0         32       1327   rtc.o
      2972        156         36         56        884      10759   shoot_task.o
       324         34          0          0        280       1759   spi.o
        64         26        392          0      16384        816   startup_stm32f407xx.o
       180         28          0         12          0       4377   stm32f4xx_hal.o
       712         28          0          0          0       2771   stm32f4xx_hal_adc.o
      1658          6          0          0          0      13699   stm32f4xx_hal_can.o
       198         14          0          0          0      33775   stm32f4xx_hal_cortex.o
        38          0          0          0          0        995   stm32f4xx_hal_crc.o
       752         16          8          0          0       3928   stm32f4xx_hal_dma.o
       468         50          0          0          0       3456   stm32f4xx_hal_gpio.o
        56          4          0          0          0        782   stm32f4xx_hal_msp.o
      2372         18          0          0          0      12497   stm32f4xx_hal_pcd.o
        78          0          0          0          0       2289   stm32f4xx_hal_pcd_ex.o
      1276         86          0          0          0       5428   stm32f4xx_hal_rcc.o
       316         20          0          0          0       1336   stm32f4xx_hal_rcc_ex.o
        50          0          0          0          0       1019   stm32f4xx_hal_rng.o
       284          6          0          0          0       2748   stm32f4xx_hal_rtc.o
       128          0          0          0          0       1107   stm32f4xx_hal_spi.o
      1356         90          0          0          0      12813   stm32f4xx_hal_tim.o
       150          0          0          0          0       2060   stm32f4xx_hal_tim_ex.o
       782          8          0          0          0       1948   stm32f4xx_hal_uart.o
       144         42          0          0          0       7837   stm32f4xx_it.o
      2546        140          0          0          0      21915   stm32f4xx_ll_usb.o
         0          0          0          0          0        384   stream_buffer.o
        84         18         24          4          0       1075   system_stm32f4xx.o
      2136        158          0         60        240      23220   tasks.o
      1588        134          0          0        384       6299   tim.o
       912         82          0         20        272      25927   timers.o
       780         78          0          0        672       3415   usart.o
        84         18          0          0        668       2427   usb_device.o
       676         16          0        271          0      12236   usbd_cdc.o
        68         16          0         16       4096       2458   usbd_cdc_if.o
       634         20          0          0       1032      14156   usbd_conf.o
       696          0          0          0          0      11801   usbd_core.o
      1186         28          0          1          0       7860   usbd_ctlreq.o
       288        104          0         78        512       5637   usbd_desc.o
       132          0          0          0          0       4312   usbd_ioreq.o
        72          0          0          0          0        854   user_lib.o

    ----------------------------------------------------------------------
     33456       1974        608        624      52304    2353004   Object Totals
         0          0         32          0          0          0   (incl. Generated)
        56          0          3          9          0          0   (incl. Padding)

    ----------------------------------------------------------------------

      Code (inc. data)   RO Data    RW Data    ZI Data      Debug   Library Member Name

        90          0          0          0          0          0   __dczerorl2.o
         8          0          0          0          0         68   __main.o
         0          0          0          0          0          0   __rtentry.o
        12          0          0          0          0          0   __rtentry2.o
         6          0          0          0          0          0   __rtentry4.o
        52          8          0          0          0          0   __scatter.o
        28          0          0          0          0          0   __scatter_zi.o
        16          0          0          0          0         68   aeabi_memset.o
        10          0          0          0          0         68   defsig_exit.o
        50          0          0          0          0         88   defsig_general.o
        80         58          0          0          0         76   defsig_rtmem_inner.o
        14          0          0          0          0         80   defsig_rtmem_outer.o
        18          0          0          0          0         80   exit.o
        94          0          0          0          0         80   h1_alloc.o
        52          0          0          0          0         68   h1_extend.o
        78          0          0          0          0         80   h1_free.o
        14          0          0          0          0         84   h1_init.o
         6          0          0          0          0        152   heapauxi.o
         4          0          0          0          0        136   hguard.o
         0          0          0          0          0          0   indicate_semi.o
       138          0          0          0          0        168   init_alloc.o
         2          0          0          0          0          0   libinit.o
        14          0          0          0          0          0   libinit2.o
         2          0          0          0          0          0   libshutdown.o
         2          0          0          0          0          0   libshutdown2.o
         8          4          0          0         96         68   libspace.o
       238          0          0          0          0        100   lludivv7m.o
         0          0          0          0          0          0   maybetermalloc1.o
         8          4          0          0          0         68   rt_heap_descriptor_intlibspace.o
        68          0          0          0          0         68   rt_memclr.o
        78          0          0          0          0         80   rt_memclr_w.o
       138          0          0          0          0         68   rt_memcpy_v6.o
       100          0          0          0          0         80   rt_memcpy_w.o
         2          0          0          0          0          0   rtexit.o
        10          0          0          0          0          0   rtexit2.o
        12          4          0          0          0         68   sys_exit.o
        74          0          0          0          0         80   sys_stackheap_outer.o
        14          0          0          0          0         76   sys_wrch.o
         2          0          0          0          0         68   use_no_semi.o
        10          0          0          0          0        116   fpinit.o

    ----------------------------------------------------------------------
      1560         78          0          0         96       2236   Library Totals
         8          0          0          0          0          0   (incl. Padding)

    ----------------------------------------------------------------------

      Code (inc. data)   RO Data    RW Data    ZI Data      Debug   Library Name

      1542         78          0          0         96       2120   c_w.l
        10          0          0          0          0        116   g_wm.l

    ----------------------------------------------------------------------
      1560         78          0          0         96       2236   Library Totals

    ----------------------------------------------------------------------

==============================================================================


      Code (inc. data)   RO Data    RW Data    ZI Data      Debug   

     35016       2052        608        624      52400    2319896   Grand Totals
     35016       2052        608        232      52400    2319896   ELF Image Totals (compressed)
     35016       2052        608        232          0          0   ROM Totals

==============================================================================

    Total RO  Size (Code + RO Data)                35624 (  34.79kB)
    Total RW  Size (RW Data + ZI Data)             53024 (  51.78kB)
    Total ROM Size (Code + RO Data + RW Data)      35856 (  35.02kB)

==============================================================================

